Archive member included to satisfy reference by file (symbol)

C:/ST/STM32CubeIDE_1.12.0/STM32CubeIDE/plugins/com.st.stm32cube.ide.mcu.externaltools.gnu-tools-for-stm32.11.3.rel1.win32_1.1.100.202309141235/tools/bin/../lib/gcc/arm-none-eabi/11.3.1/../../../../arm-none-eabi/lib/thumb/v7-m/nofp\libc_nano.a(libc_a-atoi.o)
                              ./UtilitySmallFunction/DataProcess/DataProcess.o (atoi)
C:/ST/STM32CubeIDE_1.12.0/STM32CubeIDE/plugins/com.st.stm32cube.ide.mcu.externaltools.gnu-tools-for-stm32.11.3.rel1.win32_1.1.100.202309141235/tools/bin/../lib/gcc/arm-none-eabi/11.3.1/../../../../arm-none-eabi/lib/thumb/v7-m/nofp\libc_nano.a(libc_a-exit.o)
                              C:/ST/STM32CubeIDE_1.12.0/STM32CubeIDE/plugins/com.st.stm32cube.ide.mcu.externaltools.gnu-tools-for-stm32.11.3.rel1.win32_1.1.100.202309141235/tools/bin/../lib/gcc/arm-none-eabi/11.3.1/../../../../arm-none-eabi/lib/thumb/v7-m/nofp/crt0.o (exit)
C:/ST/STM32CubeIDE_1.12.0/STM32CubeIDE/plugins/com.st.stm32cube.ide.mcu.externaltools.gnu-tools-for-stm32.11.3.rel1.win32_1.1.100.202309141235/tools/bin/../lib/gcc/arm-none-eabi/11.3.1/../../../../arm-none-eabi/lib/thumb/v7-m/nofp\libc_nano.a(libc_a-malloc.o)
                              ./Core/ThreadSafe/newlib_lock_glue.o (malloc)
C:/ST/STM32CubeIDE_1.12.0/STM32CubeIDE/plugins/com.st.stm32cube.ide.mcu.externaltools.gnu-tools-for-stm32.11.3.rel1.win32_1.1.100.202309141235/tools/bin/../lib/gcc/arm-none-eabi/11.3.1/../../../../arm-none-eabi/lib/thumb/v7-m/nofp\libc_nano.a(libc_a-mallocr.o)
                              C:/ST/STM32CubeIDE_1.12.0/STM32CubeIDE/plugins/com.st.stm32cube.ide.mcu.externaltools.gnu-tools-for-stm32.11.3.rel1.win32_1.1.100.202309141235/tools/bin/../lib/gcc/arm-none-eabi/11.3.1/../../../../arm-none-eabi/lib/thumb/v7-m/nofp\libc_nano.a(libc_a-malloc.o) (_malloc_r)
C:/ST/STM32CubeIDE_1.12.0/STM32CubeIDE/plugins/com.st.stm32cube.ide.mcu.externaltools.gnu-tools-for-stm32.11.3.rel1.win32_1.1.100.202309141235/tools/bin/../lib/gcc/arm-none-eabi/11.3.1/../../../../arm-none-eabi/lib/thumb/v7-m/nofp\libc_nano.a(libc_a-mlock.o)
                              C:/ST/STM32CubeIDE_1.12.0/STM32CubeIDE/plugins/com.st.stm32cube.ide.mcu.externaltools.gnu-tools-for-stm32.11.3.rel1.win32_1.1.100.202309141235/tools/bin/../lib/gcc/arm-none-eabi/11.3.1/../../../../arm-none-eabi/lib/thumb/v7-m/nofp\libc_nano.a(libc_a-mallocr.o) (__malloc_lock)
C:/ST/STM32CubeIDE_1.12.0/STM32CubeIDE/plugins/com.st.stm32cube.ide.mcu.externaltools.gnu-tools-for-stm32.11.3.rel1.win32_1.1.100.202309141235/tools/bin/../lib/gcc/arm-none-eabi/11.3.1/../../../../arm-none-eabi/lib/thumb/v7-m/nofp\libc_nano.a(libc_a-strtol.o)
                              C:/ST/STM32CubeIDE_1.12.0/STM32CubeIDE/plugins/com.st.stm32cube.ide.mcu.externaltools.gnu-tools-for-stm32.11.3.rel1.win32_1.1.100.202309141235/tools/bin/../lib/gcc/arm-none-eabi/11.3.1/../../../../arm-none-eabi/lib/thumb/v7-m/nofp\libc_nano.a(libc_a-atoi.o) (_strtol_r)
C:/ST/STM32CubeIDE_1.12.0/STM32CubeIDE/plugins/com.st.stm32cube.ide.mcu.externaltools.gnu-tools-for-stm32.11.3.rel1.win32_1.1.100.202309141235/tools/bin/../lib/gcc/arm-none-eabi/11.3.1/../../../../arm-none-eabi/lib/thumb/v7-m/nofp\libc_nano.a(libc_a-ctype_.o)
                              C:/ST/STM32CubeIDE_1.12.0/STM32CubeIDE/plugins/com.st.stm32cube.ide.mcu.externaltools.gnu-tools-for-stm32.11.3.rel1.win32_1.1.100.202309141235/tools/bin/../lib/gcc/arm-none-eabi/11.3.1/../../../../arm-none-eabi/lib/thumb/v7-m/nofp\libc_nano.a(libc_a-strtol.o) (_ctype_)
C:/ST/STM32CubeIDE_1.12.0/STM32CubeIDE/plugins/com.st.stm32cube.ide.mcu.externaltools.gnu-tools-for-stm32.11.3.rel1.win32_1.1.100.202309141235/tools/bin/../lib/gcc/arm-none-eabi/11.3.1/../../../../arm-none-eabi/lib/thumb/v7-m/nofp\libc_nano.a(libc_a-findfp.o)
                              ./Middlewares/Third_Party/FreeRTOS/Source/tasks.o (__sf)
C:/ST/STM32CubeIDE_1.12.0/STM32CubeIDE/plugins/com.st.stm32cube.ide.mcu.externaltools.gnu-tools-for-stm32.11.3.rel1.win32_1.1.100.202309141235/tools/bin/../lib/gcc/arm-none-eabi/11.3.1/../../../../arm-none-eabi/lib/thumb/v7-m/nofp\libc_nano.a(libc_a-fwalk.o)
                              C:/ST/STM32CubeIDE_1.12.0/STM32CubeIDE/plugins/com.st.stm32cube.ide.mcu.externaltools.gnu-tools-for-stm32.11.3.rel1.win32_1.1.100.202309141235/tools/bin/../lib/gcc/arm-none-eabi/11.3.1/../../../../arm-none-eabi/lib/thumb/v7-m/nofp\libc_nano.a(libc_a-findfp.o) (_fwalk_sglue)
C:/ST/STM32CubeIDE_1.12.0/STM32CubeIDE/plugins/com.st.stm32cube.ide.mcu.externaltools.gnu-tools-for-stm32.11.3.rel1.win32_1.1.100.202309141235/tools/bin/../lib/gcc/arm-none-eabi/11.3.1/../../../../arm-none-eabi/lib/thumb/v7-m/nofp\libc_nano.a(libc_a-stdio.o)
                              C:/ST/STM32CubeIDE_1.12.0/STM32CubeIDE/plugins/com.st.stm32cube.ide.mcu.externaltools.gnu-tools-for-stm32.11.3.rel1.win32_1.1.100.202309141235/tools/bin/../lib/gcc/arm-none-eabi/11.3.1/../../../../arm-none-eabi/lib/thumb/v7-m/nofp\libc_nano.a(libc_a-findfp.o) (__sread)
[...]
Memory Configuration

Name             Origin             Length             Attributes
RAM              0x0000000020000000 0x0000000000005000 xrw
FLASH            0x0000000008000000 0x0000000000010000 xr
*default*        0x0000000000000000 0xffffffffffffffff

Linker script and memory map

LOAD C:/ST/STM32CubeIDE_1.12.0/STM32CubeIDE/plugins/com.st.stm32cube.ide.mcu.externaltools.gnu-tools-for-stm32.11.3.rel1.win32_1.1.100.202309141235/tools/bin/../lib/gcc/arm-none-eabi/11.3.1/thumb/v7-m/nofp/crti.o
LOAD C:/ST/STM32CubeIDE_1.12.0/STM32CubeIDE/plugins/com.st.stm32cube.ide.mcu.externaltools.gnu-tools-for-stm32.11.3.rel1.win32_1.1.100.202309141235/tools/bin/../lib/gcc/arm-none-eabi/11.3.1/thumb/v7-m/nofp/crtbegin.o
LOAD C:/ST/STM32CubeIDE_1.12.0/STM32CubeIDE/plugins/com.st.stm32cube.ide.mcu.externaltools.gnu-tools-for-stm32.11.3.rel1.win32_1.1.100.202309141235/tools/bin/../lib/gcc/arm-none-eabi/11.3.1/../../../../arm-none-eabi/lib/thumb/v7-m/nofp/crt0.o
LOAD ./CAN_Handle/CAN_Handle.o
LOAD ./CRC/CRC.o
LOAD ./Core/Src/can.o
LOAD ./Core/Src/dma.o
LOAD ./Core/Src/freertos.o
LOAD ./Core/Src/gpio.o
LOAD ./Core/Src/main.o
LOAD ./Core/Src/stm32f1xx_hal_msp.o
LOAD ./Core/Src/stm32f1xx_hal_timebase_tim.o
LOAD ./Core/Src/stm32f1xx_it.o
LOAD ./Core/Src/syscalls.o
LOAD ./Core/Src/sysmem.o
LOAD ./Core/Src/system_stm32f1xx.o
LOAD ./Core/Src/tim.o
LOAD ./Core/Startup/startup_stm32f103c8tx.o
LOAD ./Core/ThreadSafe/newlib_lock_glue.o
LOAD ./Drivers/STM32F1xx_HAL_Driver/Src/stm32f1xx_hal.o
LOAD ./Drivers/STM32F1xx_HAL_Driver/Src/stm32f1xx_hal_can.o
LOAD ./Drivers/STM32F1xx_HAL_Driver/Src/stm32f1xx_hal_cortex.o
LOAD ./Drivers/STM32F1xx_HAL_Driver/Src/stm32f1xx_hal_dma.o
LOAD ./Drivers/STM32F1xx_HAL_Driver/Src/stm32f1xx_hal_exti.o
LOAD ./Drivers/STM32F1xx_HAL_Driver/Src/stm32f1xx_hal_flash.o
LOAD ./Drivers/STM32F1xx_HAL_Driver/Src/stm32f1xx_hal_flash_ex.o
LOAD ./Drivers/STM32F1xx_HAL_Driver/Src/stm32f1xx_hal_gpio.o
LOAD ./Drivers/STM32F1xx_HAL_Driver/Src/stm32f1xx_hal_gpio_ex.o
LOAD ./Drivers/STM32F1xx_HAL_Driver/Src/stm32f1xx_hal_pwr.o
LOAD ./Drivers/STM32F1xx_HAL_Driver/Src/stm32f1xx_hal_rcc.o
LOAD ./Drivers/STM32F1xx_HAL_Driver/Src/stm32f1xx_hal_rcc_ex.o
LOAD ./Drivers/STM32F1xx_HAL_Driver/Src/stm32f1xx_hal_tim.o
LOAD ./Drivers/STM32F1xx_HAL_Driver/Src/stm32f1xx_hal_tim_ex.o
LOAD ./Middlewares/Third_Party/FreeRTOS/Source/CMSIS_RTOS_V2/cmsis_os2.o
LOAD ./Middlewares/Third_Party/FreeRTOS/Source/croutine.o
LOAD ./Middlewares/Third_Party/FreeRTOS/Source/event_groups.o
LOAD ./Middlewares/Third_Party/FreeRTOS/Source/list.o
LOAD ./Middlewares/Third_Party/FreeRTOS/Source/queue.o
LOAD ./Middlewares/Third_Party/FreeRTOS/Source/stream_buffer.o
LOAD ./Middlewares/Third_Party/FreeRTOS/Source/tasks.o
LOAD ./Middlewares/Third_Party/FreeRTOS/Source/timers.o
LOAD ./Middlewares/Third_Party/FreeRTOS/Source/portable/GCC/ARM_CM3/port.o
LOAD ./Middlewares/Third_Party/FreeRTOS/Source/portable/MemMang/heap_4.o
LOAD ./STM32-Hardware-Driver/Encoder/Encoder.o
LOAD ./STM32-Hardware-Driver/EngineControl/EngineControl.o
LOAD ./STM32-Hardware-Driver/MotorController/MotorController.o
LOAD ./STM32-Hardware-Driver/MotorController/SpeedController.o
LOAD ./STM32_RTOS_PeripheralDriver/GPIO/GPIOHandler.o
LOAD ./UtilitySmallFunction/DataProcess/DataProcess.o
LOAD ./UtilitySmallFunction/Utility/Utility.o
START GROUP
LOAD C:/ST/STM32CubeIDE_1.12.0/STM32CubeIDE/plugins/com.st.stm32cube.ide.mcu.externaltools.gnu-tools-for-stm32.11.3.rel1.win32_1.1.100.202309141235/tools/bin/../lib/gcc/arm-none-eabi/11.3.1/../../../../arm-none-eabi/lib/thumb/v7-m/nofp\libc_nano.a
LOAD C:/ST/STM32CubeIDE_1.12.0/STM32CubeIDE/plugins/com.st.stm32cube.ide.mcu.externaltools.gnu-tools-for-stm32.11.3.rel1.win32_1.1.100.202309141235/tools/bin/../lib/gcc/arm-none-eabi/11.3.1/../../../../arm-none-eabi/lib/thumb/v7-m/nofp\libm.a
END GROUP
START GROUP
LOAD C:/ST/STM32CubeIDE_1.12.0/STM32CubeIDE/plugins/com.st.stm32cube.ide.mcu.externaltools.gnu-tools-for-stm32.11.3.rel1.win32_1.1.100.202309141235/tools/bin/../lib/gcc/arm-none-eabi/11.3.1/thumb/v7-m/nofp\libgcc.a
LOAD C:/ST/STM32CubeIDE_1.12.0/STM32CubeIDE/plugins/com.st.stm32cube.ide.mcu.externaltools.gnu-tools-for-stm32.11.3.rel1.win32_1.1.100.202309141235/tools/bin/../lib/gcc/arm-none-eabi/11.3.1/../../../../arm-none-eabi/lib/thumb/v7-m/nofp\libc_nano.a
END GROUP
START GROUP
LOAD C:/ST/STM32CubeIDE_1.12.0/STM32CubeIDE/plugins/com.st.stm32cube.ide.mcu.externaltools.gnu-tools-for-stm32.11.3.rel1.win32_1.1.100.202309141235/tools/bin/../lib/gcc/arm-none-eabi/11.3.1/thumb/v7-m/nofp\libgcc.a
LOAD C:/ST/STM32CubeIDE_1.12.0/STM32CubeIDE/plugins/com.st.stm32cube.ide.mcu.externaltools.gnu-tools-for-stm32.11.3.rel1.win32_1.1.100.202309141235/tools/bin/../lib/gcc/arm-none-eabi/11.3.1/../../../../arm-none-eabi/lib/thumb/v7-m/nofp\libc_nano.a
LOAD C:/ST/STM32CubeIDE_1.12.0/STM32CubeIDE/plugins/com.st.stm32cube.ide.mcu.externaltools.gnu-tools-for-stm32.11.3.rel1.win32_1.1.100.202309141235/tools/bin/../lib/gcc/arm-none-eabi/11.3.1/../../../../arm-none-eabi/lib/thumb/v7-m/nofp\libnosys.a
END GROUP
START GROUP
LOAD C:/ST/STM32CubeIDE_1.12.0/STM32CubeIDE/plugins/com.st.stm32cube.ide.mcu.externaltools.gnu-tools-for-stm32.11.3.rel1.win32_1.1.100.202309141235/tools/bin/../lib/gcc/arm-none-eabi/11.3.1/thumb/v7-m/nofp\libgcc.a
LOAD C:/ST/STM32CubeIDE_1.12.0/STM32CubeIDE/plugins/com.st.stm32cube.ide.mcu.externaltools.gnu-tools-for-stm32.11.3.rel1.win32_1.1.100.202309141235/tools/bin/../lib/gcc/arm-none-eabi/11.3.1/../../../../arm-none-eabi/lib/thumb/v7-m/nofp\libc_nano.a
LOAD C:/ST/STM32CubeIDE_1.12.0/STM32CubeIDE/plugins/com.st.stm32cube.ide.mcu.externaltools.gnu-tools-for-stm32.11.3.rel1.win32_1.1.100.202309141235/tools/bin/../lib/gcc/arm-none-eabi/11.3.1/../../../../arm-none-eabi/lib/thumb/v7-m/nofp\libnosys.a
END GROUP
LOAD C:/ST/STM32CubeIDE_1.12.0/STM32CubeIDE/plugins/com.st.stm32cube.ide.mcu.externaltools.gnu-tools-for-stm32.11.3.rel1.win32_1.1.100.202309141235/tools/bin/../lib/gcc/arm-none-eabi/11.3.1/thumb/v7-m/nofp/crtend.o
LOAD C:/ST/STM32CubeIDE_1.12.0/STM32CubeIDE/plugins/com.st.stm32cube.ide.mcu.externaltools.gnu-tools-for-stm32.11.3.rel1.win32_1.1.100.202309141235/tools/bin/../lib/gcc/arm-none-eabi/11.3.1/thumb/v7-m/nofp/crtn.o
                0x0000000020005000                _estack = (ORIGIN (RAM) + LENGTH (RAM))
                0x0000000000000200                _Min_Heap_Size = 0x200
                0x0000000000000400                _Min_Stack_Size = 0x400

.isr_vector     0x0000000008000000      0x10c
                0x0000000008000000                . = ALIGN (0x4)
 *(.isr_vector)
 .isr_vector    0x0000000008000000      0x10c ./Core/Startup/startup_stm32f103c8tx.o
                0x0000000008000000                g_pfnVectors
                0x000000000800010c                . = ALIGN (0x4)

.text           0x0000000008000110     0x848c
                0x0000000008000110                . = ALIGN (0x4)
 *(.text)
 .text          0x0000000008000110       0x40 C:/ST/STM32CubeIDE_1.12.0/STM32CubeIDE/plugins/com.st.stm32cube.ide.mcu.externaltools.gnu-tools-for-stm32.11.3.rel1.win32_1.1.100.202309141235/tools/bin/../lib/gcc/arm-none-eabi/11.3.1/thumb/v7-m/nofp/crtbegin.o
 .text          0x0000000008000150      0x21c C:/ST/STM32CubeIDE_1.12.0/STM32CubeIDE/plugins/com.st.stm32cube.ide.mcu.externaltools.gnu-tools-for-stm32.11.3.rel1.win32_1.1.100.202309141235/tools/bin/../lib/gcc/arm-none-eabi/11.3.1/thumb/v7-m/nofp\libgcc.a(_arm_addsubsf3.o)
                0x0000000008000150                __aeabi_frsub
                0x0000000008000158                __subsf3
                0x0000000008000158                __aeabi_fsub
                0x000000000800015c                __aeabi_fadd
                0x000000000800015c                __addsf3
                0x00000000080002bc                __aeabi_ui2f
                0x00000000080002bc                __floatunsisf
                0x00000000080002c4                __aeabi_i2f
                0x00000000080002c4                __floatsisf
                0x00000000080002e0                __aeabi_ul2f
                0x00000000080002e0                __floatundisf
                0x00000000080002f0                __aeabi_l2f
                0x00000000080002f0                __floatdisf
 .text          0x000000000800036c      0x2a0 C:/ST/STM32CubeIDE_1.12.0/STM32CubeIDE/plugins/com.st.stm32cube.ide.mcu.externaltools.gnu-tools-for-stm32.11.3.rel1.win32_1.1.100.202309141235/tools/bin/../lib/gcc/arm-none-eabi/11.3.1/thumb/v7-m/nofp\libgcc.a(_arm_muldivsf3.o)
                0x000000000800036c                __mulsf3
                0x000000000800036c                __aeabi_fmul
                0x00000000080004d4                __aeabi_fdiv
                0x00000000080004d4                __divsf3
 .text          0x000000000800060c       0xec C:/ST/STM32CubeIDE_1.12.0/STM32CubeIDE/plugins/com.st.stm32cube.ide.mcu.externaltools.gnu-tools-for-stm32.11.3.rel1.win32_1.1.100.202309141235/tools/bin/../lib/gcc/arm-none-eabi/11.3.1/thumb/v7-m/nofp\libgcc.a(_arm_cmpsf2.o)
                0x000000000800060c                __gesf2
                0x000000000800060c                __gtsf2
                0x0000000008000614                __lesf2
                0x0000000008000614                __ltsf2
                0x000000000800061c                __nesf2
                0x000000000800061c                __eqsf2
                0x000000000800061c                __cmpsf2
                0x000000000800067c                __aeabi_cfrcmple
                0x0000000008000684                __aeabi_cfcmpeq
                0x0000000008000684                __aeabi_cfcmple
                0x0000000008000694                __aeabi_fcmpeq
                0x00000000080006a8                __aeabi_fcmplt
                0x00000000080006bc                __aeabi_fcmple
                0x00000000080006d0                __aeabi_fcmpge
                0x00000000080006e4                __aeabi_fcmpgt
 .text          0x00000000080006f8       0x4c C:/ST/STM32CubeIDE_1.12.0/STM32CubeIDE/plugins/com.st.stm32cube.ide.mcu.externaltools.gnu-tools-for-stm32.11.3.rel1.win32_1.1.100.202309141235/tools/bin/../lib/gcc/arm-none-eabi/11.3.1/thumb/v7-m/nofp\libgcc.a(_arm_fixsfsi.o)
                0x00000000080006f8                __aeabi_f2iz
                0x00000000080006f8                __fixsfsi
 *(.text*)
 .text.CAN_HandleSendData
                0x0000000008000744       0x60 ./CAN_Handle/CAN_Handle.o
                0x0000000008000744                CAN_HandleSendData
 .text.CAN_Config_filtering
                0x00000000080007a4       0x5c ./CAN_Handle/CAN_Handle.o
                0x00000000080007a4                CAN_Config_filtering
 .text.HAL_CAN_RxFifo0MsgPendingCallback
                0x0000000008000800       0x3c ./CAN_Handle/CAN_Handle.o
                0x0000000008000800                HAL_CAN_RxFifo0MsgPendingCallback
 .text.HAL_CAN_RxFifo1MsgPendingCallback
                0x000000000800083c       0x3c ./CAN_Handle/CAN_Handle.o
                0x000000000800083c                HAL_CAN_RxFifo1MsgPendingCallback
 .text.bytes2Float
                0x0000000008000878       0x1a ./CAN_Handle/CAN_Handle.o
                0x0000000008000878                bytes2Float
 .text.float2Bytes
                0x0000000008000892       0x1e ./CAN_Handle/CAN_Handle.o
                0x0000000008000892                float2Bytes
 .text.MX_CAN_Init
                0x00000000080008b0       0x6c ./Core/Src/can.o
                0x00000000080008b0                MX_CAN_Init
 .text.HAL_CAN_MspInit
                0x000000000800091c       0xc8 ./Core/Src/can.o
                0x000000000800091c                HAL_CAN_MspInit
 .text.MX_DMA_Init
                0x00000000080009e4       0x74 ./Core/Src/dma.o
                0x00000000080009e4                MX_DMA_Init
 .text.MX_FREERTOS_Init
                0x0000000008000a58       0x6c ./Core/Src/freertos.o
                0x0000000008000a58                MX_FREERTOS_Init
 .text.StartDefaultTask
                0x0000000008000ac4      0x18c ./Core/Src/freertos.o
                0x0000000008000ac4                StartDefaultTask
 .text.CAN_SendData
                0x0000000008000c50       0x54 ./Core/Src/freertos.o
                0x0000000008000c50                CAN_SendData
 .text.MX_GPIO_Init
                0x0000000008000ca4      0x138 ./Core/Src/gpio.o
                0x0000000008000ca4                MX_GPIO_Init
 .text.main     0x0000000008000ddc      0x118 ./Core/Src/main.o
                0x0000000008000ddc                main
 .text.SystemClock_Config
                0x0000000008000ef4       0x8a ./Core/Src/main.o
                0x0000000008000ef4                SystemClock_Config
 *fill*         0x0000000008000f7e        0x2 
 .text.HAL_TIM_PeriodElapsedCallback
                0x0000000008000f80       0x24 ./Core/Src/main.o
                0x0000000008000f80                HAL_TIM_PeriodElapsedCallback
 .text.Error_Handler
                0x0000000008000fa4        0xa ./Core/Src/main.o
                0x0000000008000fa4                Error_Handler
 *fill*         0x0000000008000fae        0x2 
 .text.HAL_MspInit
                0x0000000008000fb0       0x70 ./Core/Src/stm32f1xx_hal_msp.o
                0x0000000008000fb0                HAL_MspInit
 .text.HAL_InitTick
                0x0000000008001020       0xfc ./Core/Src/stm32f1xx_hal_timebase_tim.o
                0x0000000008001020                HAL_InitTick
 .text.NMI_Handler
                0x000000000800111c        0x6 ./Core/Src/stm32f1xx_it.o
                0x000000000800111c                NMI_Handler
 .text.HardFault_Handler
                0x0000000008001122        0x6 ./Core/Src/stm32f1xx_it.o
                0x0000000008001122                HardFault_Handler
 .text.MemManage_Handler
                0x0000000008001128        0x6 ./Core/Src/stm32f1xx_it.o
                0x0000000008001128                MemManage_Handler
 .text.BusFault_Handler
                0x000000000800112e        0x6 ./Core/Src/stm32f1xx_it.o
                0x000000000800112e                BusFault_Handler
 .text.UsageFault_Handler
                0x0000000008001134        0x6 ./Core/Src/stm32f1xx_it.o
                0x0000000008001134                UsageFault_Handler
 .text.DebugMon_Handler
                0x000000000800113a        0xc ./Core/Src/stm32f1xx_it.o
                0x000000000800113a                DebugMon_Handler
 *fill*         0x0000000008001146        0x2 
 .text.USB_HP_CAN1_TX_IRQHandler
                0x0000000008001148       0x14 ./Core/Src/stm32f1xx_it.o
                0x0000000008001148                USB_HP_CAN1_TX_IRQHandler
 .text.USB_LP_CAN1_RX0_IRQHandler
                0x000000000800115c       0x14 ./Core/Src/stm32f1xx_it.o
                0x000000000800115c                USB_LP_CAN1_RX0_IRQHandler
 .text.CAN1_RX1_IRQHandler
                0x0000000008001170       0x14 ./Core/Src/stm32f1xx_it.o
                0x0000000008001170                CAN1_RX1_IRQHandler
 .text.TIM4_IRQHandler
                0x0000000008001184       0x14 ./Core/Src/stm32f1xx_it.o
                0x0000000008001184                TIM4_IRQHandler
 .text.SystemInit
                0x0000000008001198        0xc ./Core/Src/system_stm32f1xx.o
                0x0000000008001198                SystemInit
 .text.MX_TIM1_Init
                0x00000000080011a4      0x108 ./Core/Src/tim.o
                0x00000000080011a4                MX_TIM1_Init
 .text.MX_TIM3_Init
                0x00000000080012ac       0xa8 ./Core/Src/tim.o
                0x00000000080012ac                MX_TIM3_Init
 .text.HAL_TIM_PWM_MspInit
                0x0000000008001354       0x3c ./Core/Src/tim.o
                0x0000000008001354                HAL_TIM_PWM_MspInit
 .text.HAL_TIM_Encoder_MspInit
                0x0000000008001390       0xa4 ./Core/Src/tim.o
                0x0000000008001390                HAL_TIM_Encoder_MspInit
 .text.HAL_TIM_MspPostInit
                0x0000000008001434       0x68 ./Core/Src/tim.o
                0x0000000008001434                HAL_TIM_MspPostInit
 .text.Reset_Handler
                0x000000000800149c       0x48 ./Core/Startup/startup_stm32f103c8tx.o
                0x000000000800149c                Reset_Handler
 .text.Default_Handler
                0x00000000080014e4        0x2 ./Core/Startup/startup_stm32f103c8tx.o
                0x00000000080014e4                RTC_Alarm_IRQHandler
                0x00000000080014e4                EXTI2_IRQHandler
                0x00000000080014e4                TIM1_CC_IRQHandler
                0x00000000080014e4                PVD_IRQHandler
                0x00000000080014e4                EXTI3_IRQHandler
                0x00000000080014e4                EXTI0_IRQHandler
                0x00000000080014e4                I2C2_EV_IRQHandler
                0x00000000080014e4                ADC1_2_IRQHandler
                0x00000000080014e4                SPI1_IRQHandler
                0x00000000080014e4                TAMPER_IRQHandler
                0x00000000080014e4                DMA1_Channel4_IRQHandler
                0x00000000080014e4                USART3_IRQHandler
                0x00000000080014e4                RTC_IRQHandler
                0x00000000080014e4                DMA1_Channel7_IRQHandler
                0x00000000080014e4                I2C1_EV_IRQHandler
                0x00000000080014e4                DMA1_Channel6_IRQHandler
                0x00000000080014e4                TIM3_IRQHandler
                0x00000000080014e4                RCC_IRQHandler
                0x00000000080014e4                TIM1_TRG_COM_IRQHandler
                0x00000000080014e4                DMA1_Channel1_IRQHandler
                0x00000000080014e4                Default_Handler
                0x00000000080014e4                EXTI15_10_IRQHandler
                0x00000000080014e4                EXTI9_5_IRQHandler
                0x00000000080014e4                SPI2_IRQHandler
                0x00000000080014e4                DMA1_Channel5_IRQHandler
                0x00000000080014e4                EXTI4_IRQHandler
                0x00000000080014e4                DMA1_Channel3_IRQHandler
                0x00000000080014e4                TIM1_UP_IRQHandler
                0x00000000080014e4                WWDG_IRQHandler
                0x00000000080014e4                TIM2_IRQHandler
                0x00000000080014e4                TIM1_BRK_IRQHandler
                0x00000000080014e4                EXTI1_IRQHandler
                0x00000000080014e4                USART2_IRQHandler
                0x00000000080014e4                I2C2_ER_IRQHandler
                0x00000000080014e4                DMA1_Channel2_IRQHandler
                0x00000000080014e4                CAN1_SCE_IRQHandler
                0x00000000080014e4                FLASH_IRQHandler
                0x00000000080014e4                USART1_IRQHandler
                0x00000000080014e4                I2C1_ER_IRQHandler
                0x00000000080014e4                USBWakeUp_IRQHandler
 .text.stm32_lock_acquire
                0x00000000080014e6       0x60 ./Core/ThreadSafe/newlib_lock_glue.o
 .text.stm32_lock_release
                0x0000000008001546       0x54 ./Core/ThreadSafe/newlib_lock_glue.o
 .text.__retarget_lock_acquire_recursive
                0x000000000800159a       0x28 ./Core/ThreadSafe/newlib_lock_glue.o
                0x000000000800159a                __retarget_lock_acquire_recursive
 .text.__retarget_lock_release_recursive
                0x00000000080015c2       0x28 ./Core/ThreadSafe/newlib_lock_glue.o
                0x00000000080015c2                __retarget_lock_release_recursive
 *fill*         0x00000000080015ea        0x2 
 .text.HAL_Init
                0x00000000080015ec       0x2c ./Drivers/STM32F1xx_HAL_Driver/Src/stm32f1xx_hal.o
                0x00000000080015ec                HAL_Init
 .text.HAL_IncTick
                0x0000000008001618       0x24 ./Drivers/STM32F1xx_HAL_Driver/Src/stm32f1xx_hal.o
                0x0000000008001618                HAL_IncTick
 .text.HAL_GetTick
                0x000000000800163c       0x14 ./Drivers/STM32F1xx_HAL_Driver/Src/stm32f1xx_hal.o
                0x000000000800163c                HAL_GetTick
 .text.HAL_CAN_Init
                0x0000000008001650      0x28c ./Drivers/STM32F1xx_HAL_Driver/Src/stm32f1xx_hal_can.o
                0x0000000008001650                HAL_CAN_Init
 .text.HAL_CAN_ConfigFilter
                0x00000000080018dc      0x192 ./Drivers/STM32F1xx_HAL_Driver/Src/stm32f1xx_hal_can.o
                0x00000000080018dc                HAL_CAN_ConfigFilter
 .text.HAL_CAN_Start
                0x0000000008001a6e       0x88 ./Drivers/STM32F1xx_HAL_Driver/Src/stm32f1xx_hal_can.o
                0x0000000008001a6e                HAL_CAN_Start
 .text.HAL_CAN_AddTxMessage
                0x0000000008001af6      0x19e ./Drivers/STM32F1xx_HAL_Driver/Src/stm32f1xx_hal_can.o
                0x0000000008001af6                HAL_CAN_AddTxMessage
 .text.HAL_CAN_GetRxMessage
                0x0000000008001c94      0x242 ./Drivers/STM32F1xx_HAL_Driver/Src/stm32f1xx_hal_can.o
                0x0000000008001c94                HAL_CAN_GetRxMessage
 .text.HAL_CAN_ActivateNotification
                0x0000000008001ed6       0x4a ./Drivers/STM32F1xx_HAL_Driver/Src/stm32f1xx_hal_can.o
                0x0000000008001ed6                HAL_CAN_ActivateNotification
 .text.HAL_CAN_IRQHandler
                0x0000000008001f20      0x38a ./Drivers/STM32F1xx_HAL_Driver/Src/stm32f1xx_hal_can.o
                0x0000000008001f20                HAL_CAN_IRQHandler
 .text.HAL_CAN_TxMailbox0CompleteCallback
                0x00000000080022aa       0x12 ./Drivers/STM32F1xx_HAL_Driver/Src/stm32f1xx_hal_can.o
                0x00000000080022aa                HAL_CAN_TxMailbox0CompleteCallback
 .text.HAL_CAN_TxMailbox1CompleteCallback
                0x00000000080022bc       0x12 ./Drivers/STM32F1xx_HAL_Driver/Src/stm32f1xx_hal_can.o
                0x00000000080022bc                HAL_CAN_TxMailbox1CompleteCallback
 .text.HAL_CAN_TxMailbox2CompleteCallback
                0x00000000080022ce       0x12 ./Drivers/STM32F1xx_HAL_Driver/Src/stm32f1xx_hal_can.o
                0x00000000080022ce                HAL_CAN_TxMailbox2CompleteCallback
 .text.HAL_CAN_TxMailbox0AbortCallback
                0x00000000080022e0       0x12 ./Drivers/STM32F1xx_HAL_Driver/Src/stm32f1xx_hal_can.o
                0x00000000080022e0                HAL_CAN_TxMailbox0AbortCallback
 .text.HAL_CAN_TxMailbox1AbortCallback
                0x00000000080022f2       0x12 ./Drivers/STM32F1xx_HAL_Driver/Src/stm32f1xx_hal_can.o
                0x00000000080022f2                HAL_CAN_TxMailbox1AbortCallback
 .text.HAL_CAN_TxMailbox2AbortCallback
                0x0000000008002304       0x12 ./Drivers/STM32F1xx_HAL_Driver/Src/stm32f1xx_hal_can.o
                0x0000000008002304                HAL_CAN_TxMailbox2AbortCallback
 .text.HAL_CAN_RxFifo0FullCallback
                0x0000000008002316       0x12 ./Drivers/STM32F1xx_HAL_Driver/Src/stm32f1xx_hal_can.o
                0x0000000008002316                HAL_CAN_RxFifo0FullCallback
 .text.HAL_CAN_RxFifo1FullCallback
                0x0000000008002328       0x12 ./Drivers/STM32F1xx_HAL_Driver/Src/stm32f1xx_hal_can.o
                0x0000000008002328                HAL_CAN_RxFifo1FullCallback
 .text.HAL_CAN_SleepCallback
                0x000000000800233a       0x12 ./Drivers/STM32F1xx_HAL_Driver/Src/stm32f1xx_hal_can.o
                0x000000000800233a                HAL_CAN_SleepCallback
 .text.HAL_CAN_WakeUpFromRxMsgCallback
                0x000000000800234c       0x12 ./Drivers/STM32F1xx_HAL_Driver/Src/stm32f1xx_hal_can.o
                0x000000000800234c                HAL_CAN_WakeUpFromRxMsgCallback
 .text.HAL_CAN_ErrorCallback
                0x000000000800235e       0x12 ./Drivers/STM32F1xx_HAL_Driver/Src/stm32f1xx_hal_can.o
                0x000000000800235e                HAL_CAN_ErrorCallback
 .text.HAL_CAN_ResetError
                0x0000000008002370       0x44 ./Drivers/STM32F1xx_HAL_Driver/Src/stm32f1xx_hal_can.o
                0x0000000008002370                HAL_CAN_ResetError
 .text.__NVIC_SetPriorityGrouping
                0x00000000080023b4       0x48 ./Drivers/STM32F1xx_HAL_Driver/Src/stm32f1xx_hal_cortex.o
 .text.__NVIC_GetPriorityGrouping
                0x00000000080023fc       0x1c ./Drivers/STM32F1xx_HAL_Driver/Src/stm32f1xx_hal_cortex.o
 .text.__NVIC_EnableIRQ
                0x0000000008002418       0x38 ./Drivers/STM32F1xx_HAL_Driver/Src/stm32f1xx_hal_cortex.o
 .text.__NVIC_SetPriority
                0x0000000008002450       0x54 ./Drivers/STM32F1xx_HAL_Driver/Src/stm32f1xx_hal_cortex.o
 .text.NVIC_EncodePriority
                0x00000000080024a4       0x64 ./Drivers/STM32F1xx_HAL_Driver/Src/stm32f1xx_hal_cortex.o
 .text.HAL_NVIC_SetPriorityGrouping
                0x0000000008002508       0x16 ./Drivers/STM32F1xx_HAL_Driver/Src/stm32f1xx_hal_cortex.o
                0x0000000008002508                HAL_NVIC_SetPriorityGrouping
 .text.HAL_NVIC_SetPriority
                0x000000000800251e       0x38 ./Drivers/STM32F1xx_HAL_Driver/Src/stm32f1xx_hal_cortex.o
                0x000000000800251e                HAL_NVIC_SetPriority
 .text.HAL_NVIC_EnableIRQ
                0x0000000008002556       0x1c ./Drivers/STM32F1xx_HAL_Driver/Src/stm32f1xx_hal_cortex.o
                0x0000000008002556                HAL_NVIC_EnableIRQ
 *fill*         0x0000000008002572        0x2 
 .text.HAL_DMA_Init
                0x0000000008002574       0xb4 ./Drivers/STM32F1xx_HAL_Driver/Src/stm32f1xx_hal_dma.o
                0x0000000008002574                HAL_DMA_Init
 .text.HAL_GPIO_Init
                0x0000000008002628      0x308 ./Drivers/STM32F1xx_HAL_Driver/Src/stm32f1xx_hal_gpio.o
                0x0000000008002628                HAL_GPIO_Init
 .text.HAL_GPIO_WritePin
                0x0000000008002930       0x30 ./Drivers/STM32F1xx_HAL_Driver/Src/stm32f1xx_hal_gpio.o
                0x0000000008002930                HAL_GPIO_WritePin
 .text.HAL_RCC_OscConfig
                0x0000000008002960      0x504 ./Drivers/STM32F1xx_HAL_Driver/Src/stm32f1xx_hal_rcc.o
                0x0000000008002960                HAL_RCC_OscConfig
 .text.HAL_RCC_ClockConfig
                0x0000000008002e64      0x1d4 ./Drivers/STM32F1xx_HAL_Driver/Src/stm32f1xx_hal_rcc.o
                0x0000000008002e64                HAL_RCC_ClockConfig
 .text.HAL_RCC_GetSysClockFreq
                0x0000000008003038       0xa8 ./Drivers/STM32F1xx_HAL_Driver/Src/stm32f1xx_hal_rcc.o
                0x0000000008003038                HAL_RCC_GetSysClockFreq
 .text.HAL_RCC_GetHCLKFreq
                0x00000000080030e0       0x14 ./Drivers/STM32F1xx_HAL_Driver/Src/stm32f1xx_hal_rcc.o
                0x00000000080030e0                HAL_RCC_GetHCLKFreq
 .text.HAL_RCC_GetPCLK1Freq
                0x00000000080030f4       0x28 ./Drivers/STM32F1xx_HAL_Driver/Src/stm32f1xx_hal_rcc.o
                0x00000000080030f4                HAL_RCC_GetPCLK1Freq
 .text.HAL_RCC_GetClockConfig
                0x000000000800311c       0x60 ./Drivers/STM32F1xx_HAL_Driver/Src/stm32f1xx_hal_rcc.o
                0x000000000800311c                HAL_RCC_GetClockConfig
 .text.RCC_Delay
                0x000000000800317c       0x3c ./Drivers/STM32F1xx_HAL_Driver/Src/stm32f1xx_hal_rcc.o
 .text.HAL_TIM_Base_Init
                0x00000000080031b8       0x9e ./Drivers/STM32F1xx_HAL_Driver/Src/stm32f1xx_hal_tim.o
                0x00000000080031b8                HAL_TIM_Base_Init
 .text.HAL_TIM_Base_MspInit
                0x0000000008003256       0x12 ./Drivers/STM32F1xx_HAL_Driver/Src/stm32f1xx_hal_tim.o
                0x0000000008003256                HAL_TIM_Base_MspInit
 .text.HAL_TIM_Base_Start_IT
                0x0000000008003268       0xa4 ./Drivers/STM32F1xx_HAL_Driver/Src/stm32f1xx_hal_tim.o
                0x0000000008003268                HAL_TIM_Base_Start_IT
 .text.HAL_TIM_PWM_Init
                0x000000000800330c       0x9e ./Drivers/STM32F1xx_HAL_Driver/Src/stm32f1xx_hal_tim.o
                0x000000000800330c                HAL_TIM_PWM_Init
 *fill*         0x00000000080033aa        0x2 
 .text.HAL_TIM_PWM_Start
                0x00000000080033ac      0x144 ./Drivers/STM32F1xx_HAL_Driver/Src/stm32f1xx_hal_tim.o
                0x00000000080033ac                HAL_TIM_PWM_Start
 .text.HAL_TIM_Encoder_Init
                0x00000000080034f0      0x144 ./Drivers/STM32F1xx_HAL_Driver/Src/stm32f1xx_hal_tim.o
                0x00000000080034f0                HAL_TIM_Encoder_Init
 .text.HAL_TIM_Encoder_Start
                0x0000000008003634      0x11c ./Drivers/STM32F1xx_HAL_Driver/Src/stm32f1xx_hal_tim.o
                0x0000000008003634                HAL_TIM_Encoder_Start
 .text.HAL_TIM_Encoder_Stop
                0x0000000008003750      0x12e ./Drivers/STM32F1xx_HAL_Driver/Src/stm32f1xx_hal_tim.o
                0x0000000008003750                HAL_TIM_Encoder_Stop
 .text.HAL_TIM_IRQHandler
                0x000000000800387e      0x210 ./Drivers/STM32F1xx_HAL_Driver/Src/stm32f1xx_hal_tim.o
                0x000000000800387e                HAL_TIM_IRQHandler
 *fill*         0x0000000008003a8e        0x2 
 .text.HAL_TIM_PWM_ConfigChannel
                0x0000000008003a90      0x184 ./Drivers/STM32F1xx_HAL_Driver/Src/stm32f1xx_hal_tim.o
                0x0000000008003a90                HAL_TIM_PWM_ConfigChannel
 .text.HAL_TIM_OC_DelayElapsedCallback
                0x0000000008003c14       0x12 ./Drivers/STM32F1xx_HAL_Driver/Src/stm32f1xx_hal_tim.o
                0x0000000008003c14                HAL_TIM_OC_DelayElapsedCallback
 .text.HAL_TIM_IC_CaptureCallback
                0x0000000008003c26       0x12 ./Drivers/STM32F1xx_HAL_Driver/Src/stm32f1xx_hal_tim.o
                0x0000000008003c26                HAL_TIM_IC_CaptureCallback
 .text.HAL_TIM_PWM_PulseFinishedCallback
                0x0000000008003c38       0x12 ./Drivers/STM32F1xx_HAL_Driver/Src/stm32f1xx_hal_tim.o
                0x0000000008003c38                HAL_TIM_PWM_PulseFinishedCallback
 .text.HAL_TIM_TriggerCallback
                0x0000000008003c4a       0x12 ./Drivers/STM32F1xx_HAL_Driver/Src/stm32f1xx_hal_tim.o
                0x0000000008003c4a                HAL_TIM_TriggerCallback
 .text.TIM_Base_SetConfig
                0x0000000008003c5c       0xc4 ./Drivers/STM32F1xx_HAL_Driver/Src/stm32f1xx_hal_tim.o
                0x0000000008003c5c                TIM_Base_SetConfig
 .text.TIM_OC1_SetConfig
                0x0000000008003d20       0xcc ./Drivers/STM32F1xx_HAL_Driver/Src/stm32f1xx_hal_tim.o
 .text.TIM_OC2_SetConfig
                0x0000000008003dec       0xd4 ./Drivers/STM32F1xx_HAL_Driver/Src/stm32f1xx_hal_tim.o
                0x0000000008003dec                TIM_OC2_SetConfig
 .text.TIM_OC3_SetConfig
                0x0000000008003ec0       0xd4 ./Drivers/STM32F1xx_HAL_Driver/Src/stm32f1xx_hal_tim.o
 .text.TIM_OC4_SetConfig
                0x0000000008003f94       0x9c ./Drivers/STM32F1xx_HAL_Driver/Src/stm32f1xx_hal_tim.o
 .text.TIM_CCxChannelCmd
                0x0000000008004030       0x48 ./Drivers/STM32F1xx_HAL_Driver/Src/stm32f1xx_hal_tim.o
                0x0000000008004030                TIM_CCxChannelCmd
 .text.HAL_TIMEx_MasterConfigSynchronization
                0x0000000008004078       0xbc ./Drivers/STM32F1xx_HAL_Driver/Src/stm32f1xx_hal_tim_ex.o
                0x0000000008004078                HAL_TIMEx_MasterConfigSynchronization
 .text.HAL_TIMEx_ConfigBreakDeadTime
                0x0000000008004134       0xa2 ./Drivers/STM32F1xx_HAL_Driver/Src/stm32f1xx_hal_tim_ex.o
                0x0000000008004134                HAL_TIMEx_ConfigBreakDeadTime
 .text.HAL_TIMEx_CommutCallback
                0x00000000080041d6       0x12 ./Drivers/STM32F1xx_HAL_Driver/Src/stm32f1xx_hal_tim_ex.o
                0x00000000080041d6                HAL_TIMEx_CommutCallback
 .text.HAL_TIMEx_BreakCallback
                0x00000000080041e8       0x12 ./Drivers/STM32F1xx_HAL_Driver/Src/stm32f1xx_hal_tim_ex.o
                0x00000000080041e8                HAL_TIMEx_BreakCallback
 *fill*         0x00000000080041fa        0x2 
 .text.osKernelInitialize
                0x00000000080041fc       0x64 ./Middlewares/Third_Party/FreeRTOS/Source/CMSIS_RTOS_V2/cmsis_os2.o
                0x00000000080041fc                osKernelInitialize
 .text.osKernelStart
                0x0000000008004260       0x68 ./Middlewares/Third_Party/FreeRTOS/Source/CMSIS_RTOS_V2/cmsis_os2.o
                0x0000000008004260                osKernelStart
 .text.osKernelGetTickCount
                0x00000000080042c8       0x50 ./Middlewares/Third_Party/FreeRTOS/Source/CMSIS_RTOS_V2/cmsis_os2.o
                0x00000000080042c8                osKernelGetTickCount
 .text.osThreadNew
                0x0000000008004318      0x154 ./Middlewares/Third_Party/FreeRTOS/Source/CMSIS_RTOS_V2/cmsis_os2.o
                0x0000000008004318                osThreadNew
 .text.osThreadSuspend
                0x000000000800446c       0x68 ./Middlewares/Third_Party/FreeRTOS/Source/CMSIS_RTOS_V2/cmsis_os2.o
                0x000000000800446c                osThreadSuspend
 .text.osThreadResume
                0x00000000080044d4       0x68 ./Middlewares/Third_Party/FreeRTOS/Source/CMSIS_RTOS_V2/cmsis_os2.o
                0x00000000080044d4                osThreadResume
 .text.osDelay  0x000000000800453c       0x5c ./Middlewares/Third_Party/FreeRTOS/Source/CMSIS_RTOS_V2/cmsis_os2.o
                0x000000000800453c                osDelay
 .text.osMutexNew
                0x0000000008004598      0x134 ./Middlewares/Third_Party/FreeRTOS/Source/CMSIS_RTOS_V2/cmsis_os2.o
                0x0000000008004598                osMutexNew
 .text.osMutexAcquire
                0x00000000080046cc       0xbc ./Middlewares/Third_Party/FreeRTOS/Source/CMSIS_RTOS_V2/cmsis_os2.o
                0x00000000080046cc                osMutexAcquire
 .text.osMutexRelease
                0x0000000008004788       0xa0 ./Middlewares/Third_Party/FreeRTOS/Source/CMSIS_RTOS_V2/cmsis_os2.o
                0x0000000008004788                osMutexRelease
 .text.osSemaphoreNew
                0x0000000008004828      0x138 ./Middlewares/Third_Party/FreeRTOS/Source/CMSIS_RTOS_V2/cmsis_os2.o
                0x0000000008004828                osSemaphoreNew
 .text.vApplicationGetIdleTaskMemory
                0x0000000008004960       0x30 ./Middlewares/Third_Party/FreeRTOS/Source/CMSIS_RTOS_V2/cmsis_os2.o
                0x0000000008004960                vApplicationGetIdleTaskMemory
 .text.vApplicationGetTimerTaskMemory
                0x0000000008004990       0x30 ./Middlewares/Third_Party/FreeRTOS/Source/CMSIS_RTOS_V2/cmsis_os2.o
                0x0000000008004990                vApplicationGetTimerTaskMemory
 .text.vListInitialise
                0x00000000080049c0       0x3e ./Middlewares/Third_Party/FreeRTOS/Source/list.o
                0x00000000080049c0                vListInitialise
 .text.vListInitialiseItem
                0x00000000080049fe       0x18 ./Middlewares/Third_Party/FreeRTOS/Source/list.o
                0x00000000080049fe                vListInitialiseItem
 .text.vListInsertEnd
                0x0000000008004a16       0x46 ./Middlewares/Third_Party/FreeRTOS/Source/list.o
                0x0000000008004a16                vListInsertEnd
 .text.vListInsert
                0x0000000008004a5c       0x70 ./Middlewares/Third_Party/FreeRTOS/Source/list.o
                0x0000000008004a5c                vListInsert
 .text.uxListRemove
                0x0000000008004acc       0x52 ./Middlewares/Third_Party/FreeRTOS/Source/list.o
                0x0000000008004acc                uxListRemove
 *fill*         0x0000000008004b1e        0x2 
 .text.xQueueGenericReset
                0x0000000008004b20       0xd0 ./Middlewares/Third_Party/FreeRTOS/Source/queue.o
                0x0000000008004b20                xQueueGenericReset
 .text.xQueueGenericCreateStatic
                0x0000000008004bf0       0xee ./Middlewares/Third_Party/FreeRTOS/Source/queue.o
                0x0000000008004bf0                xQueueGenericCreateStatic
 .text.xQueueGenericCreate
                0x0000000008004cde       0x7c ./Middlewares/Third_Party/FreeRTOS/Source/queue.o
                0x0000000008004cde                xQueueGenericCreate
 .text.prvInitialiseNewQueue
                0x0000000008004d5a       0x46 ./Middlewares/Third_Party/FreeRTOS/Source/queue.o
 .text.prvInitialiseMutex
                0x0000000008004da0       0x34 ./Middlewares/Third_Party/FreeRTOS/Source/queue.o
 .text.xQueueCreateMutex
                0x0000000008004dd4       0x30 ./Middlewares/Third_Party/FreeRTOS/Source/queue.o
                0x0000000008004dd4                xQueueCreateMutex
 .text.xQueueCreateMutexStatic
                0x0000000008004e04       0x36 ./Middlewares/Third_Party/FreeRTOS/Source/queue.o
                0x0000000008004e04                xQueueCreateMutexStatic
 .text.xQueueGiveMutexRecursive
                0x0000000008004e3a       0x68 ./Middlewares/Third_Party/FreeRTOS/Source/queue.o
                0x0000000008004e3a                xQueueGiveMutexRecursive
 .text.xQueueTakeMutexRecursive
                0x0000000008004ea2       0x6c ./Middlewares/Third_Party/FreeRTOS/Source/queue.o
                0x0000000008004ea2                xQueueTakeMutexRecursive
 .text.xQueueCreateCountingSemaphoreStatic
                0x0000000008004f0e       0x6e ./Middlewares/Third_Party/FreeRTOS/Source/queue.o
                0x0000000008004f0e                xQueueCreateCountingSemaphoreStatic
 .text.xQueueCreateCountingSemaphore
                0x0000000008004f7c       0x66 ./Middlewares/Third_Party/FreeRTOS/Source/queue.o
                0x0000000008004f7c                xQueueCreateCountingSemaphore
 *fill*         0x0000000008004fe2        0x2 
 .text.xQueueGenericSend
                0x0000000008004fe4      0x1fc ./Middlewares/Third_Party/FreeRTOS/Source/queue.o
                0x0000000008004fe4                xQueueGenericSend
 .text.xQueueGenericSendFromISR
                0x00000000080051e0      0x130 ./Middlewares/Third_Party/FreeRTOS/Source/queue.o
                0x00000000080051e0                xQueueGenericSendFromISR
 .text.xQueueReceive
                0x0000000008005310      0x1c0 ./Middlewares/Third_Party/FreeRTOS/Source/queue.o
                0x0000000008005310                xQueueReceive
 .text.xQueueSemaphoreTake
                0x00000000080054d0      0x218 ./Middlewares/Third_Party/FreeRTOS/Source/queue.o
                0x00000000080054d0                xQueueSemaphoreTake
 .text.vQueueDelete
                0x00000000080056e8       0x46 ./Middlewares/Third_Party/FreeRTOS/Source/queue.o
                0x00000000080056e8                vQueueDelete
 .text.prvGetDisinheritPriorityAfterTimeout
                0x000000000800572e       0x2e ./Middlewares/Third_Party/FreeRTOS/Source/queue.o
 .text.prvCopyDataToQueue
                0x000000000800575c       0xd4 ./Middlewares/Third_Party/FreeRTOS/Source/queue.o
 .text.prvCopyDataFromQueue
                0x0000000008005830       0x4c ./Middlewares/Third_Party/FreeRTOS/Source/queue.o
 .text.prvUnlockQueue
                0x000000000800587c       0xa4 ./Middlewares/Third_Party/FreeRTOS/Source/queue.o
 .text.prvIsQueueEmpty
                0x0000000008005920       0x2c ./Middlewares/Third_Party/FreeRTOS/Source/queue.o
 .text.prvIsQueueFull
                0x000000000800594c       0x30 ./Middlewares/Third_Party/FreeRTOS/Source/queue.o
 .text.vQueueAddToRegistry
                0x000000000800597c       0x50 ./Middlewares/Third_Party/FreeRTOS/Source/queue.o
                0x000000000800597c                vQueueAddToRegistry
 .text.vQueueUnregisterQueue
                0x00000000080059cc       0x54 ./Middlewares/Third_Party/FreeRTOS/Source/queue.o
                0x00000000080059cc                vQueueUnregisterQueue
 .text.vQueueWaitForMessageRestricted
                0x0000000008005a20       0x68 ./Middlewares/Third_Party/FreeRTOS/Source/queue.o
                0x0000000008005a20                vQueueWaitForMessageRestricted
 .text.xTaskCreateStatic
                0x0000000008005a88       0xb8 ./Middlewares/Third_Party/FreeRTOS/Source/tasks.o
                0x0000000008005a88                xTaskCreateStatic
 .text.xTaskCreate
                0x0000000008005b40       0x8a ./Middlewares/Third_Party/FreeRTOS/Source/tasks.o
                0x0000000008005b40                xTaskCreate
 *fill*         0x0000000008005bca        0x2 
 .text.prvInitialiseNewTask
                0x0000000008005bcc      0x13c ./Middlewares/Third_Party/FreeRTOS/Source/tasks.o
 .text.prvAddNewTaskToReadyList
                0x0000000008005d08       0xe0 ./Middlewares/Third_Party/FreeRTOS/Source/tasks.o
 .text.vTaskDelay
                0x0000000008005de8       0x68 ./Middlewares/Third_Party/FreeRTOS/Source/tasks.o
                0x0000000008005de8                vTaskDelay
 .text.vTaskSuspend
                0x0000000008005e50       0xec ./Middlewares/Third_Party/FreeRTOS/Source/tasks.o
                0x0000000008005e50                vTaskSuspend
 .text.prvTaskIsTaskSuspended
                0x0000000008005f3c       0x74 ./Middlewares/Third_Party/FreeRTOS/Source/tasks.o
 .text.vTaskResume
                0x0000000008005fb0       0xbc ./Middlewares/Third_Party/FreeRTOS/Source/tasks.o
                0x0000000008005fb0                vTaskResume
 .text.vTaskStartScheduler
                0x000000000800606c       0xe0 ./Middlewares/Third_Party/FreeRTOS/Source/tasks.o
                0x000000000800606c                vTaskStartScheduler
 .text.vTaskSuspendAll
                0x000000000800614c       0x1c ./Middlewares/Third_Party/FreeRTOS/Source/tasks.o
                0x000000000800614c                vTaskSuspendAll
 .text.xTaskResumeAll
                0x0000000008006168      0x13c ./Middlewares/Third_Party/FreeRTOS/Source/tasks.o
                0x0000000008006168                xTaskResumeAll
 .text.xTaskGetTickCount
                0x00000000080062a4       0x1c ./Middlewares/Third_Party/FreeRTOS/Source/tasks.o
                0x00000000080062a4                xTaskGetTickCount
 .text.xTaskGetTickCountFromISR
                0x00000000080062c0       0x24 ./Middlewares/Third_Party/FreeRTOS/Source/tasks.o
                0x00000000080062c0                xTaskGetTickCountFromISR
 .text.xTaskIncrementTick
                0x00000000080062e4      0x17c ./Middlewares/Third_Party/FreeRTOS/Source/tasks.o
                0x00000000080062e4                xTaskIncrementTick
 .text.vTaskSwitchContext
                0x0000000008006460       0xc8 ./Middlewares/Third_Party/FreeRTOS/Source/tasks.o
                0x0000000008006460                vTaskSwitchContext
 .text.vTaskPlaceOnEventList
                0x0000000008006528       0x48 ./Middlewares/Third_Party/FreeRTOS/Source/tasks.o
                0x0000000008006528                vTaskPlaceOnEventList
 .text.vTaskPlaceOnEventListRestricted
                0x0000000008006570       0x58 ./Middlewares/Third_Party/FreeRTOS/Source/tasks.o
                0x0000000008006570                vTaskPlaceOnEventListRestricted
 .text.xTaskRemoveFromEventList
                0x00000000080065c8       0xc8 ./Middlewares/Third_Party/FreeRTOS/Source/tasks.o
                0x00000000080065c8                xTaskRemoveFromEventList
 .text.vTaskInternalSetTimeOutState
                0x0000000008006690       0x2c ./Middlewares/Third_Party/FreeRTOS/Source/tasks.o
                0x0000000008006690                vTaskInternalSetTimeOutState
 .text.xTaskCheckForTimeOut
                0x00000000080066bc       0xc4 ./Middlewares/Third_Party/FreeRTOS/Source/tasks.o
                0x00000000080066bc                xTaskCheckForTimeOut
 .text.vTaskMissedYield
                0x0000000008006780       0x18 ./Middlewares/Third_Party/FreeRTOS/Source/tasks.o
                0x0000000008006780                vTaskMissedYield
 .text.prvIdleTask
                0x0000000008006798       0x30 ./Middlewares/Third_Party/FreeRTOS/Source/tasks.o
 .text.prvInitialiseTaskLists
                0x00000000080067c8       0x80 ./Middlewares/Third_Party/FreeRTOS/Source/tasks.o
 .text.prvCheckTasksWaitingTermination
                0x0000000008006848       0x5c ./Middlewares/Third_Party/FreeRTOS/Source/tasks.o
 .text.prvDeleteTCB
                0x00000000080068a4       0x68 ./Middlewares/Third_Party/FreeRTOS/Source/tasks.o
 .text.prvResetNextTaskUnblockTime
                0x000000000800690c       0x48 ./Middlewares/Third_Party/FreeRTOS/Source/tasks.o
 .text.xTaskGetCurrentTaskHandle
                0x0000000008006954       0x1c ./Middlewares/Third_Party/FreeRTOS/Source/tasks.o
                0x0000000008006954                xTaskGetCurrentTaskHandle
 .text.xTaskGetSchedulerState
                0x0000000008006970       0x3c ./Middlewares/Third_Party/FreeRTOS/Source/tasks.o
                0x0000000008006970                xTaskGetSchedulerState
 .text.xTaskPriorityInherit
                0x00000000080069ac       0xdc ./Middlewares/Third_Party/FreeRTOS/Source/tasks.o
                0x00000000080069ac                xTaskPriorityInherit
 .text.xTaskPriorityDisinherit
                0x0000000008006a88       0xdc ./Middlewares/Third_Party/FreeRTOS/Source/tasks.o
                0x0000000008006a88                xTaskPriorityDisinherit
 .text.vTaskPriorityDisinheritAfterTimeout
                0x0000000008006b64      0x10c ./Middlewares/Third_Party/FreeRTOS/Source/tasks.o
                0x0000000008006b64                vTaskPriorityDisinheritAfterTimeout
 .text.pvTaskIncrementMutexHeldCount
                0x0000000008006c70       0x28 ./Middlewares/Third_Party/FreeRTOS/Source/tasks.o
                0x0000000008006c70                pvTaskIncrementMutexHeldCount
 .text.prvAddCurrentTaskToDelayedList
                0x0000000008006c98       0xa8 ./Middlewares/Third_Party/FreeRTOS/Source/tasks.o
 .text.xTimerCreateTimerTask
                0x0000000008006d40       0x90 ./Middlewares/Third_Party/FreeRTOS/Source/timers.o
                0x0000000008006d40                xTimerCreateTimerTask
 .text.xTimerGenericCommand
                0x0000000008006dd0       0x9c ./Middlewares/Third_Party/FreeRTOS/Source/timers.o
                0x0000000008006dd0                xTimerGenericCommand
 .text.prvProcessExpiredTimer
                0x0000000008006e6c       0x80 ./Middlewares/Third_Party/FreeRTOS/Source/timers.o
 .text.prvTimerTask
                0x0000000008006eec       0x24 ./Middlewares/Third_Party/FreeRTOS/Source/timers.o
 .text.prvProcessTimerOrBlockTask
                0x0000000008006f10       0x9c ./Middlewares/Third_Party/FreeRTOS/Source/timers.o
 .text.prvGetNextExpireTime
                0x0000000008006fac       0x48 ./Middlewares/Third_Party/FreeRTOS/Source/timers.o
 .text.prvSampleTimeNow
                0x0000000008006ff4       0x40 ./Middlewares/Third_Party/FreeRTOS/Source/timers.o
 .text.prvInsertTimerInActiveList
                0x0000000008007034       0x84 ./Middlewares/Third_Party/FreeRTOS/Source/timers.o
 .text.prvProcessReceivedCommands
                0x00000000080070b8      0x168 ./Middlewares/Third_Party/FreeRTOS/Source/timers.o
 .text.prvSwitchTimerLists
                0x0000000008007220       0xc4 ./Middlewares/Third_Party/FreeRTOS/Source/timers.o
 .text.prvCheckForValidListAndQueue
                0x00000000080072e4       0x80 ./Middlewares/Third_Party/FreeRTOS/Source/timers.o
 .text.pxPortInitialiseStack
                0x0000000008007364       0x58 ./Middlewares/Third_Party/FreeRTOS/Source/portable/GCC/ARM_CM3/port.o
                0x0000000008007364                pxPortInitialiseStack
 .text.prvTaskExitError
                0x00000000080073bc       0x58 ./Middlewares/Third_Party/FreeRTOS/Source/portable/GCC/ARM_CM3/port.o
 *fill*         0x0000000008007414        0xc 
 .text.SVC_Handler
                0x0000000008007420       0x28 ./Middlewares/Third_Party/FreeRTOS/Source/portable/GCC/ARM_CM3/port.o
                0x0000000008007420                SVC_Handler
 .text.prvPortStartFirstTask
                0x0000000008007448       0x20 ./Middlewares/Third_Party/FreeRTOS/Source/portable/GCC/ARM_CM3/port.o
 .text.xPortStartScheduler
                0x0000000008007468       0xe4 ./Middlewares/Third_Party/FreeRTOS/Source/portable/GCC/ARM_CM3/port.o
                0x0000000008007468                xPortStartScheduler
 .text.vPortEnterCritical
                0x000000000800754c       0x60 ./Middlewares/Third_Party/FreeRTOS/Source/portable/GCC/ARM_CM3/port.o
                0x000000000800754c                vPortEnterCritical
 .text.vPortExitCritical
                0x00000000080075ac       0x50 ./Middlewares/Third_Party/FreeRTOS/Source/portable/GCC/ARM_CM3/port.o
                0x00000000080075ac                vPortExitCritical
 *fill*         0x00000000080075fc        0x4 
 .text.PendSV_Handler
                0x0000000008007600       0x48 ./Middlewares/Third_Party/FreeRTOS/Source/portable/GCC/ARM_CM3/port.o
                0x0000000008007600                PendSV_Handler
 .text.SysTick_Handler
                0x0000000008007648       0x44 ./Middlewares/Third_Party/FreeRTOS/Source/portable/GCC/ARM_CM3/port.o
                0x0000000008007648                SysTick_Handler
 .text.vPortSetupTimerInterrupt
                0x000000000800768c       0x44 ./Middlewares/Third_Party/FreeRTOS/Source/portable/GCC/ARM_CM3/port.o
                0x000000000800768c                vPortSetupTimerInterrupt
 .text.vPortValidateInterruptPriority
                0x00000000080076d0       0x7c ./Middlewares/Third_Party/FreeRTOS/Source/portable/GCC/ARM_CM3/port.o
                0x00000000080076d0                vPortValidateInterruptPriority
 .text.pvPortMalloc
                0x000000000800774c      0x188 ./Middlewares/Third_Party/FreeRTOS/Source/portable/MemMang/heap_4.o
                0x000000000800774c                pvPortMalloc
 .text.vPortFree
                0x00000000080078d4       0xb4 ./Middlewares/Third_Party/FreeRTOS/Source/portable/MemMang/heap_4.o
                0x00000000080078d4                vPortFree
 .text.prvHeapInit
                0x0000000008007988       0xc4 ./Middlewares/Third_Party/FreeRTOS/Source/portable/MemMang/heap_4.o
 .text.prvInsertBlockIntoFreeList
                0x0000000008007a4c       0xb0 ./Middlewares/Third_Party/FreeRTOS/Source/portable/MemMang/heap_4.o
 .text.Encoder_Thread
                0x0000000008007afc       0x54 ./STM32-Hardware-Driver/Encoder/Encoder.o
                0x0000000008007afc                Encoder_Thread
 .text.Encoder_Init
                0x0000000008007b50       0x58 ./STM32-Hardware-Driver/Encoder/Encoder.o
                0x0000000008007b50                Encoder_Init
 .text.Encoder_Start
                0x0000000008007ba8       0x38 ./STM32-Hardware-Driver/Encoder/Encoder.o
                0x0000000008007ba8                Encoder_Start
 .text.Encoder_GetCount
                0x0000000008007be0       0x2e ./STM32-Hardware-Driver/Encoder/Encoder.o
                0x0000000008007be0                Encoder_GetCount
 .text.Encoder_Run
                0x0000000008007c0e       0xb4 ./STM32-Hardware-Driver/Encoder/Encoder.o
                0x0000000008007c0e                Encoder_Run
 *fill*         0x0000000008007cc2        0x2 
 .text.Encoder_GetSpeed_PPS
                0x0000000008007cc4       0x3c ./STM32-Hardware-Driver/Encoder/Encoder.o
                0x0000000008007cc4                Encoder_GetSpeed_PPS
 .text.Engine_ConfigTimer
                0x0000000008007d00       0x58 ./STM32-Hardware-Driver/EngineControl/EngineControl.o
                0x0000000008007d00                Engine_ConfigTimer
 .text.Engine_ConfigControlPin
                0x0000000008007d58       0x4e ./STM32-Hardware-Driver/EngineControl/EngineControl.o
                0x0000000008007d58                Engine_ConfigControlPin
 .text.Engine_Init
                0x0000000008007da6       0x30 ./STM32-Hardware-Driver/EngineControl/EngineControl.o
                0x0000000008007da6                Engine_Init
 .text.Engine_SetSpeed
                0x0000000008007dd6      0x17a ./STM32-Hardware-Driver/EngineControl/EngineControl.o
                0x0000000008007dd6                Engine_SetSpeed
 .text.Engine_Brake
                0x0000000008007f50       0xa4 ./STM32-Hardware-Driver/EngineControl/EngineControl.o
                0x0000000008007f50                Engine_Brake
 .text.Engine_inRange
                0x0000000008007ff4       0x36 ./STM32-Hardware-Driver/EngineControl/EngineControl.o
                0x0000000008007ff4                Engine_inRange
 .text.SpeedController_RunTh
                0x000000000800802a       0x4c ./STM32-Hardware-Driver/MotorController/SpeedController.o
                0x000000000800802a                SpeedController_RunTh
 *fill*         0x0000000008008076        0x2 
 .text.SpeedController_Init
                0x0000000008008078       0x54 ./STM32-Hardware-Driver/MotorController/SpeedController.o
                0x0000000008008078                SpeedController_Init
 .text.SpeedController_Start
                0x00000000080080cc       0x42 ./STM32-Hardware-Driver/MotorController/SpeedController.o
                0x00000000080080cc                SpeedController_Start
 .text.setSpeedAndClearBrake
                0x000000000800810e       0x2c ./STM32-Hardware-Driver/MotorController/SpeedController.o
                0x000000000800810e                setSpeedAndClearBrake
 .text.stopEngineAndBrake
                0x000000000800813a       0x2c ./STM32-Hardware-Driver/MotorController/SpeedController.o
                0x000000000800813a                stopEngineAndBrake
 .text.SpeedController_Run
                0x0000000008008166      0x184 ./STM32-Hardware-Driver/MotorController/SpeedController.o
                0x0000000008008166                SpeedController_Run
 .text.SpeedController_ClearErr
                0x00000000080082ea       0x22 ./STM32-Hardware-Driver/MotorController/SpeedController.o
                0x00000000080082ea                SpeedController_ClearErr
 .text.SpeedController_SetSpeed
                0x000000000800830c       0x32 ./STM32-Hardware-Driver/MotorController/SpeedController.o
                0x000000000800830c                SpeedController_SetSpeed
 .text.SpeedController_GetSpeed
                0x000000000800833e       0x2a ./STM32-Hardware-Driver/MotorController/SpeedController.o
                0x000000000800833e                SpeedController_GetSpeed
 .text.SpeedController_SetTunings
                0x0000000008008368       0x2e ./STM32-Hardware-Driver/MotorController/SpeedController.o
                0x0000000008008368                SpeedController_SetTunings
 .text.GPIO_WritePin
                0x0000000008008396       0x26 ./STM32_RTOS_PeripheralDriver/GPIO/GPIOHandler.o
                0x0000000008008396                GPIO_WritePin
 .text.__malloc_lock
                0x00000000080083bc        0xc C:/ST/STM32CubeIDE_1.12.0/STM32CubeIDE/plugins/com.st.stm32cube.ide.mcu.externaltools.gnu-tools-for-stm32.11.3.rel1.win32_1.1.100.202309141235/tools/bin/../lib/gcc/arm-none-eabi/11.3.1/../../../../arm-none-eabi/lib/thumb/v7-m/nofp\libc_nano.a(libc_a-mlock.o)
                0x00000000080083bc                __malloc_lock
 .text.__malloc_unlock
                0x00000000080083c8        0xc C:/ST/STM32CubeIDE_1.12.0/STM32CubeIDE/plugins/com.st.stm32cube.ide.mcu.externaltools.gnu-tools-for-stm32.11.3.rel1.win32_1.1.100.202309141235/tools/bin/../lib/gcc/arm-none-eabi/11.3.1/../../../../arm-none-eabi/lib/thumb/v7-m/nofp\libc_nano.a(libc_a-mlock.o)
                0x00000000080083c8                __malloc_unlock
 .text.memset   0x00000000080083d4       0x10 C:/ST/STM32CubeIDE_1.12.0/STM32CubeIDE/plugins/com.st.stm32cube.ide.mcu.externaltools.gnu-tools-for-stm32.11.3.rel1.win32_1.1.100.202309141235/tools/bin/../lib/gcc/arm-none-eabi/11.3.1/../../../../arm-none-eabi/lib/thumb/v7-m/nofp\libc_nano.a(libc_a-memset.o)
                0x00000000080083d4                memset
 .text._reclaim_reent
                0x00000000080083e4       0xac C:/ST/STM32CubeIDE_1.12.0/STM32CubeIDE/plugins/com.st.stm32cube.ide.mcu.externaltools.gnu-tools-for-stm32.11.3.rel1.win32_1.1.100.202309141235/tools/bin/../lib/gcc/arm-none-eabi/11.3.1/../../../../arm-none-eabi/lib/thumb/v7-m/nofp\libc_nano.a(libc_a-reent.o)
                0x00000000080083e4                _reclaim_reent
 .text.__libc_init_array
                0x0000000008008490       0x48 C:/ST/STM32CubeIDE_1.12.0/STM32CubeIDE/plugins/com.st.stm32cube.ide.mcu.externaltools.gnu-tools-for-stm32.11.3.rel1.win32_1.1.100.202309141235/tools/bin/../lib/gcc/arm-none-eabi/11.3.1/../../../../arm-none-eabi/lib/thumb/v7-m/nofp\libc_nano.a(libc_a-init.o)
                0x0000000008008490                __libc_init_array
 .text.memcpy   0x00000000080084d8       0x1c C:/ST/STM32CubeIDE_1.12.0/STM32CubeIDE/plugins/com.st.stm32cube.ide.mcu.externaltools.gnu-tools-for-stm32.11.3.rel1.win32_1.1.100.202309141235/tools/bin/../lib/gcc/arm-none-eabi/11.3.1/../../../../arm-none-eabi/lib/thumb/v7-m/nofp\libc_nano.a(libc_a-memcpy-stub.o)
                0x00000000080084d8                memcpy
 .text._free_r  0x00000000080084f4       0x90 C:/ST/STM32CubeIDE_1.12.0/STM32CubeIDE/plugins/com.st.stm32cube.ide.mcu.externaltools.gnu-tools-for-stm32.11.3.rel1.win32_1.1.100.202309141235/tools/bin/../lib/gcc/arm-none-eabi/11.3.1/../../../../arm-none-eabi/lib/thumb/v7-m/nofp\libc_nano.a(libc_a-freer.o)
                0x00000000080084f4                _free_r
 *(.glue_7)
 .glue_7        0x0000000008008584        0x0 linker stubs
 *(.glue_7t)
 .glue_7t       0x0000000008008584        0x0 linker stubs
 *(.eh_frame)
 .eh_frame      0x0000000008008584        0x0 C:/ST/STM32CubeIDE_1.12.0/STM32CubeIDE/plugins/com.st.stm32cube.ide.mcu.externaltools.gnu-tools-for-stm32.11.3.rel1.win32_1.1.100.202309141235/tools/bin/../lib/gcc/arm-none-eabi/11.3.1/thumb/v7-m/nofp/crtbegin.o
 *(.init)
 .init          0x0000000008008584        0x4 C:/ST/STM32CubeIDE_1.12.0/STM32CubeIDE/plugins/com.st.stm32cube.ide.mcu.externaltools.gnu-tools-for-stm32.11.3.rel1.win32_1.1.100.202309141235/tools/bin/../lib/gcc/arm-none-eabi/11.3.1/thumb/v7-m/nofp/crti.o
                0x0000000008008584                _init
 .init          0x0000000008008588        0x8 C:/ST/STM32CubeIDE_1.12.0/STM32CubeIDE/plugins/com.st.stm32cube.ide.mcu.externaltools.gnu-tools-for-stm32.11.3.rel1.win32_1.1.100.202309141235/tools/bin/../lib/gcc/arm-none-eabi/11.3.1/thumb/v7-m/nofp/crtn.o
 *(.fini)
 .fini          0x0000000008008590        0x4 C:/ST/STM32CubeIDE_1.12.0/STM32CubeIDE/plugins/com.st.stm32cube.ide.mcu.externaltools.gnu-tools-for-stm32.11.3.rel1.win32_1.1.100.202309141235/tools/bin/../lib/gcc/arm-none-eabi/11.3.1/thumb/v7-m/nofp/crti.o
                0x0000000008008590                _fini
 .fini          0x0000000008008594        0x8 C:/ST/STM32CubeIDE_1.12.0/STM32CubeIDE/plugins/com.st.stm32cube.ide.mcu.externaltools.gnu-tools-for-stm32.11.3.rel1.win32_1.1.100.202309141235/tools/bin/../lib/gcc/arm-none-eabi/11.3.1/thumb/v7-m/nofp/crtn.o
                0x000000000800859c                . = ALIGN (0x4)
                0x000000000800859c                _etext = .

.vfp11_veneer   0x000000000800859c        0x0
 .vfp11_veneer  0x000000000800859c        0x0 linker stubs

.v4_bx          0x000000000800859c        0x0
 .v4_bx         0x000000000800859c        0x0 linker stubs

.iplt           0x000000000800859c        0x0
 .iplt          0x000000000800859c        0x0 C:/ST/STM32CubeIDE_1.12.0/STM32CubeIDE/plugins/com.st.stm32cube.ide.mcu.externaltools.gnu-tools-for-stm32.11.3.rel1.win32_1.1.100.202309141235/tools/bin/../lib/gcc/arm-none-eabi/11.3.1/thumb/v7-m/nofp/crtbegin.o

.rodata         0x000000000800859c      0x13c
                0x000000000800859c                . = ALIGN (0x4)
 *(.rodata)
 .rodata        0x000000000800859c       0x33 ./Core/Src/freertos.o
 *fill*         0x00000000080085cf        0x1 
 .rodata        0x00000000080085d0        0x5 ./Middlewares/Third_Party/FreeRTOS/Source/tasks.o
 *fill*         0x00000000080085d5        0x3 
 .rodata        0x00000000080085d8        0xd ./Middlewares/Third_Party/FreeRTOS/Source/timers.o
 *fill*         0x00000000080085e5        0x3 
 .rodata        0x00000000080085e8        0xc ./STM32-Hardware-Driver/Encoder/Encoder.o
 .rodata        0x00000000080085f4        0x8 ./STM32-Hardware-Driver/MotorController/SpeedController.o
 *(.rodata*)
 .rodata.tDefault_attributes
                0x00000000080085fc       0x24 ./Core/Src/freertos.o
                0x00000000080085fc                tDefault_attributes
 .rodata.myCAN_handl_attributes
                0x0000000008008620       0x24 ./Core/Src/freertos.o
                0x0000000008008620                myCAN_handl_attributes
 .rodata.CAN_Mutex_attributes
                0x0000000008008644       0x10 ./Core/Src/freertos.o
                0x0000000008008644                CAN_Mutex_attributes
 .rodata.data_semaphore_attributes
                0x0000000008008654       0x10 ./Core/Src/freertos.o
                0x0000000008008654                data_semaphore_attributes
 .rodata.AHBPrescTable
                0x0000000008008664       0x10 ./Core/Src/system_stm32f1xx.o
                0x0000000008008664                AHBPrescTable
 .rodata.APBPrescTable
                0x0000000008008674        0x8 ./Core/Src/system_stm32f1xx.o
                0x0000000008008674                APBPrescTable
 .rodata.aPLLMULFactorTable.1
                0x000000000800867c       0x10 ./Drivers/STM32F1xx_HAL_Driver/Src/stm32f1xx_hal_rcc.o
 .rodata.aPredivFactorTable.0
                0x000000000800868c        0x2 ./Drivers/STM32F1xx_HAL_Driver/Src/stm32f1xx_hal_rcc.o
 *fill*         0x000000000800868e        0x2 
 .rodata.EncoderTask_attributes
                0x0000000008008690       0x24 ./STM32-Hardware-Driver/Encoder/Encoder.o
                0x0000000008008690                EncoderTask_attributes
 .rodata.SpeedControlTask_attributes
                0x00000000080086b4       0x24 ./STM32-Hardware-Driver/MotorController/SpeedController.o
                0x00000000080086b4                SpeedControlTask_attributes
                0x00000000080086d8                . = ALIGN (0x4)

.rel.dyn        0x00000000080086d8        0x0
 .rel.iplt      0x00000000080086d8        0x0 C:/ST/STM32CubeIDE_1.12.0/STM32CubeIDE/plugins/com.st.stm32cube.ide.mcu.externaltools.gnu-tools-for-stm32.11.3.rel1.win32_1.1.100.202309141235/tools/bin/../lib/gcc/arm-none-eabi/11.3.1/thumb/v7-m/nofp/crtbegin.o

.ARM.extab      0x00000000080086d8        0x0
                0x00000000080086d8                . = ALIGN (0x4)
 *(.ARM.extab* .gnu.linkonce.armextab.*)
                0x00000000080086d8                . = ALIGN (0x4)

.ARM            0x00000000080086d8        0x0
                0x00000000080086d8                . = ALIGN (0x4)
                0x00000000080086d8                __exidx_start = .
 *(.ARM.exidx*)
                0x00000000080086d8                __exidx_end = .
                0x00000000080086d8                . = ALIGN (0x4)

.preinit_array  0x00000000080086d8        0x0
                0x00000000080086d8                . = ALIGN (0x4)
                0x00000000080086d8                PROVIDE (__preinit_array_start = .)
 *(.preinit_array*)
                0x00000000080086d8                PROVIDE (__preinit_array_end = .)
                0x00000000080086d8                . = ALIGN (0x4)

.init_array     0x00000000080086d8        0x4
                0x00000000080086d8                . = ALIGN (0x4)
                0x00000000080086d8                PROVIDE (__init_array_start = .)
 *(SORT_BY_NAME(.init_array.*))
 *(.init_array*)
 .init_array    0x00000000080086d8        0x4 C:/ST/STM32CubeIDE_1.12.0/STM32CubeIDE/plugins/com.st.stm32cube.ide.mcu.externaltools.gnu-tools-for-stm32.11.3.rel1.win32_1.1.100.202309141235/tools/bin/../lib/gcc/arm-none-eabi/11.3.1/thumb/v7-m/nofp/crtbegin.o
                0x00000000080086dc                PROVIDE (__init_array_end = .)
                0x00000000080086dc                . = ALIGN (0x4)

.fini_array     0x00000000080086dc        0x4
                0x00000000080086dc                . = ALIGN (0x4)
                [!provide]                        PROVIDE (__fini_array_start = .)
 *(SORT_BY_NAME(.fini_array.*))
 *(.fini_array*)
 .fini_array    0x00000000080086dc        0x4 C:/ST/STM32CubeIDE_1.12.0/STM32CubeIDE/plugins/com.st.stm32cube.ide.mcu.externaltools.gnu-tools-for-stm32.11.3.rel1.win32_1.1.100.202309141235/tools/bin/../lib/gcc/arm-none-eabi/11.3.1/thumb/v7-m/nofp/crtbegin.o
                [!provide]                        PROVIDE (__fini_array_end = .)
                0x00000000080086e0                . = ALIGN (0x4)
                0x00000000080086e0                _sidata = LOADADDR (.data)

.data           0x0000000020000000       0x78 load address 0x00000000080086e0
                0x0000000020000000                . = ALIGN (0x4)
                0x0000000020000000                _sdata = .
 *(.data)
 *(.data*)
 .data.BrakePin
                0x0000000020000000        0x8 ./Core/Src/main.o
                0x0000000020000000                BrakePin
 .data.GasEnPin
                0x0000000020000008        0x8 ./Core/Src/main.o
                0x0000000020000008                GasEnPin
 .data.DirPin   0x0000000020000010        0x8 ./Core/Src/main.o
                0x0000000020000010                DirPin
 .data.SystemCoreClock
                0x0000000020000018        0x4 ./Core/Src/system_stm32f1xx.o
                0x0000000020000018                SystemCoreClock
 .data.uwTickPrio
                0x000000002000001c        0x4 ./Drivers/STM32F1xx_HAL_Driver/Src/stm32f1xx_hal.o
                0x000000002000001c                uwTickPrio
 .data.uwTickFreq
                0x0000000020000020        0x1 ./Drivers/STM32F1xx_HAL_Driver/Src/stm32f1xx_hal.o
                0x0000000020000020                uwTickFreq
 *fill*         0x0000000020000021        0x3 
 .data.uxCriticalNesting
                0x0000000020000024        0x4 ./Middlewares/Third_Party/FreeRTOS/Source/portable/GCC/ARM_CM3/port.o
 .data._impure_data
                0x0000000020000028       0x4c C:/ST/STM32CubeIDE_1.12.0/STM32CubeIDE/plugins/com.st.stm32cube.ide.mcu.externaltools.gnu-tools-for-stm32.11.3.rel1.win32_1.1.100.202309141235/tools/bin/../lib/gcc/arm-none-eabi/11.3.1/../../../../arm-none-eabi/lib/thumb/v7-m/nofp\libc_nano.a(libc_a-impure.o)
                0x0000000020000028                _impure_data
 .data._impure_ptr
                0x0000000020000074        0x4 C:/ST/STM32CubeIDE_1.12.0/STM32CubeIDE/plugins/com.st.stm32cube.ide.mcu.externaltools.gnu-tools-for-stm32.11.3.rel1.win32_1.1.100.202309141235/tools/bin/../lib/gcc/arm-none-eabi/11.3.1/../../../../arm-none-eabi/lib/thumb/v7-m/nofp\libc_nano.a(libc_a-impure.o)
                0x0000000020000074                _impure_ptr
 *(.RamFunc)
 *(.RamFunc*)
                0x0000000020000078                . = ALIGN (0x4)
                0x0000000020000078                _edata = .

.igot.plt       0x0000000020000078        0x0 load address 0x0000000008008758
 .igot.plt      0x0000000020000078        0x0 C:/ST/STM32CubeIDE_1.12.0/STM32CubeIDE/plugins/com.st.stm32cube.ide.mcu.externaltools.gnu-tools-for-stm32.11.3.rel1.win32_1.1.100.202309141235/tools/bin/../lib/gcc/arm-none-eabi/11.3.1/thumb/v7-m/nofp/crtbegin.o
                0x0000000020000078                . = ALIGN (0x4)

.bss            0x0000000020000078     0x2d88 load address 0x0000000008008758
                0x0000000020000078                _sbss = .
                0x0000000020000078                __bss_start__ = _sbss
 *(.bss)
 .bss           0x0000000020000078       0x1c C:/ST/STM32CubeIDE_1.12.0/STM32CubeIDE/plugins/com.st.stm32cube.ide.mcu.externaltools.gnu-tools-for-stm32.11.3.rel1.win32_1.1.100.202309141235/tools/bin/../lib/gcc/arm-none-eabi/11.3.1/thumb/v7-m/nofp/crtbegin.o
 *(.bss*)
 .bss.Rxheader  0x0000000020000094       0x1c ./CAN_Handle/CAN_Handle.o
                0x0000000020000094                Rxheader
 .bss.rcdata    0x00000000200000b0        0x8 ./CAN_Handle/CAN_Handle.o
                0x00000000200000b0                rcdata
 .bss.Can_RecFlag
                0x00000000200000b8        0x1 ./CAN_Handle/CAN_Handle.o
                0x00000000200000b8                Can_RecFlag
 *fill*         0x00000000200000b9        0x3 
 .bss.hcan      0x00000000200000bc       0x64 ./Core/Src/can.o
                0x00000000200000bc                hcan
 .bss.hdma_memtomem_dma1_channel1
                0x0000000020000120       0x44 ./Core/Src/dma.o
                0x0000000020000120                hdma_memtomem_dma1_channel1
 .bss.tDefaultHandle
                0x0000000020000164        0x4 ./Core/Src/freertos.o
                0x0000000020000164                tDefaultHandle
 .bss.myCAN_handlHandle
                0x0000000020000168        0x4 ./Core/Src/freertos.o
                0x0000000020000168                myCAN_handlHandle
 .bss.CAN_MutexHandle
                0x000000002000016c        0x4 ./Core/Src/freertos.o
                0x000000002000016c                CAN_MutexHandle
 .bss.data_semaphoreHandle
                0x0000000020000170        0x4 ./Core/Src/freertos.o
                0x0000000020000170                data_semaphoreHandle
 .bss.Encoder   0x0000000020000174       0x2c ./Core/Src/main.o
                0x0000000020000174                Encoder
 .bss.Engine    0x00000000200001a0       0x28 ./Core/Src/main.o
                0x00000000200001a0                Engine
 .bss.SpeedController
                0x00000000200001c8       0x30 ./Core/Src/main.o
                0x00000000200001c8                SpeedController
 .bss.Speed     0x00000000200001f8        0x4 ./Core/Src/main.o
                0x00000000200001f8                Speed
 .bss.SpeedOk   0x00000000200001fc        0x1 ./Core/Src/main.o
                0x00000000200001fc                SpeedOk
 .bss.braking   0x00000000200001fd        0x1 ./Core/Src/main.o
                0x00000000200001fd                braking
 *fill*         0x00000000200001fe        0x2 
 .bss.speeding  0x0000000020000200        0x4 ./Core/Src/main.o
                0x0000000020000200                speeding
 .bss.htim4     0x0000000020000204       0x48 ./Core/Src/stm32f1xx_hal_timebase_tim.o
                0x0000000020000204                htim4
 .bss.htim1     0x000000002000024c       0x48 ./Core/Src/tim.o
                0x000000002000024c                htim1
 .bss.htim3     0x0000000020000294       0x48 ./Core/Src/tim.o
                0x0000000020000294                htim3
 .bss.__lock___malloc_recursive_mutex
                0x00000000200002dc        0xc ./Core/ThreadSafe/newlib_lock_glue.o
                0x00000000200002dc                __lock___malloc_recursive_mutex
 .bss.uwTick    0x00000000200002e8        0x4 ./Drivers/STM32F1xx_HAL_Driver/Src/stm32f1xx_hal.o
                0x00000000200002e8                uwTick
 .bss.KernelState
                0x00000000200002ec        0x4 ./Middlewares/Third_Party/FreeRTOS/Source/CMSIS_RTOS_V2/cmsis_os2.o
 .bss.Idle_TCB  0x00000000200002f0       0xa4 ./Middlewares/Third_Party/FreeRTOS/Source/CMSIS_RTOS_V2/cmsis_os2.o
 .bss.Idle_Stack
                0x0000000020000394      0x100 ./Middlewares/Third_Party/FreeRTOS/Source/CMSIS_RTOS_V2/cmsis_os2.o
 .bss.Timer_TCB
                0x0000000020000494       0xa4 ./Middlewares/Third_Party/FreeRTOS/Source/CMSIS_RTOS_V2/cmsis_os2.o
 .bss.Timer_Stack
                0x0000000020000538      0x100 ./Middlewares/Third_Party/FreeRTOS/Source/CMSIS_RTOS_V2/cmsis_os2.o
 .bss.xQueueRegistry
                0x0000000020000638       0x40 ./Middlewares/Third_Party/FreeRTOS/Source/queue.o
                0x0000000020000638                xQueueRegistry
 .bss.pxCurrentTCB
                0x0000000020000678        0x4 ./Middlewares/Third_Party/FreeRTOS/Source/tasks.o
                0x0000000020000678                pxCurrentTCB
 .bss.pxReadyTasksLists
                0x000000002000067c      0x460 ./Middlewares/Third_Party/FreeRTOS/Source/tasks.o
 .bss.xDelayedTaskList1
                0x0000000020000adc       0x14 ./Middlewares/Third_Party/FreeRTOS/Source/tasks.o
 .bss.xDelayedTaskList2
                0x0000000020000af0       0x14 ./Middlewares/Third_Party/FreeRTOS/Source/tasks.o
 .bss.pxDelayedTaskList
                0x0000000020000b04        0x4 ./Middlewares/Third_Party/FreeRTOS/Source/tasks.o
 .bss.pxOverflowDelayedTaskList
                0x0000000020000b08        0x4 ./Middlewares/Third_Party/FreeRTOS/Source/tasks.o
 .bss.xPendingReadyList
                0x0000000020000b0c       0x14 ./Middlewares/Third_Party/FreeRTOS/Source/tasks.o
 .bss.xTasksWaitingTermination
                0x0000000020000b20       0x14 ./Middlewares/Third_Party/FreeRTOS/Source/tasks.o
 .bss.uxDeletedTasksWaitingCleanUp
                0x0000000020000b34        0x4 ./Middlewares/Third_Party/FreeRTOS/Source/tasks.o
 .bss.xSuspendedTaskList
                0x0000000020000b38       0x14 ./Middlewares/Third_Party/FreeRTOS/Source/tasks.o
 .bss.uxCurrentNumberOfTasks
                0x0000000020000b4c        0x4 ./Middlewares/Third_Party/FreeRTOS/Source/tasks.o
 .bss.xTickCount
                0x0000000020000b50        0x4 ./Middlewares/Third_Party/FreeRTOS/Source/tasks.o
 .bss.uxTopReadyPriority
                0x0000000020000b54        0x4 ./Middlewares/Third_Party/FreeRTOS/Source/tasks.o
 .bss.xSchedulerRunning
                0x0000000020000b58        0x4 ./Middlewares/Third_Party/FreeRTOS/Source/tasks.o
 .bss.uxPendedTicks
                0x0000000020000b5c        0x4 ./Middlewares/Third_Party/FreeRTOS/Source/tasks.o
 .bss.xYieldPending
                0x0000000020000b60        0x4 ./Middlewares/Third_Party/FreeRTOS/Source/tasks.o
 .bss.xNumOfOverflows
                0x0000000020000b64        0x4 ./Middlewares/Third_Party/FreeRTOS/Source/tasks.o
 .bss.uxTaskNumber
                0x0000000020000b68        0x4 ./Middlewares/Third_Party/FreeRTOS/Source/tasks.o
 .bss.xNextTaskUnblockTime
                0x0000000020000b6c        0x4 ./Middlewares/Third_Party/FreeRTOS/Source/tasks.o
 .bss.xIdleTaskHandle
                0x0000000020000b70        0x4 ./Middlewares/Third_Party/FreeRTOS/Source/tasks.o
 .bss.uxSchedulerSuspended
                0x0000000020000b74        0x4 ./Middlewares/Third_Party/FreeRTOS/Source/tasks.o
 .bss.xActiveTimerList1
                0x0000000020000b78       0x14 ./Middlewares/Third_Party/FreeRTOS/Source/timers.o
 .bss.xActiveTimerList2
                0x0000000020000b8c       0x14 ./Middlewares/Third_Party/FreeRTOS/Source/timers.o
 .bss.pxCurrentTimerList
                0x0000000020000ba0        0x4 ./Middlewares/Third_Party/FreeRTOS/Source/timers.o
 .bss.pxOverflowTimerList
                0x0000000020000ba4        0x4 ./Middlewares/Third_Party/FreeRTOS/Source/timers.o
 .bss.xTimerQueue
                0x0000000020000ba8        0x4 ./Middlewares/Third_Party/FreeRTOS/Source/timers.o
 .bss.xTimerTaskHandle
                0x0000000020000bac        0x4 ./Middlewares/Third_Party/FreeRTOS/Source/timers.o
 .bss.xLastTime.2
                0x0000000020000bb0        0x4 ./Middlewares/Third_Party/FreeRTOS/Source/timers.o
 .bss.ucStaticTimerQueueStorage.1
                0x0000000020000bb4       0xa0 ./Middlewares/Third_Party/FreeRTOS/Source/timers.o
 .bss.xStaticTimerQueue.0
                0x0000000020000c54       0x50 ./Middlewares/Third_Party/FreeRTOS/Source/timers.o
 .bss.ucMaxSysCallPriority
                0x0000000020000ca4        0x1 ./Middlewares/Third_Party/FreeRTOS/Source/portable/GCC/ARM_CM3/port.o
 *fill*         0x0000000020000ca5        0x3 
 .bss.ulMaxPRIGROUPValue
                0x0000000020000ca8        0x4 ./Middlewares/Third_Party/FreeRTOS/Source/portable/GCC/ARM_CM3/port.o
 .bss.ucHeap    0x0000000020000cac     0x2000 ./Middlewares/Third_Party/FreeRTOS/Source/portable/MemMang/heap_4.o
 .bss.xStart    0x0000000020002cac        0x8 ./Middlewares/Third_Party/FreeRTOS/Source/portable/MemMang/heap_4.o
 .bss.pxEnd     0x0000000020002cb4        0x4 ./Middlewares/Third_Party/FreeRTOS/Source/portable/MemMang/heap_4.o
 .bss.xFreeBytesRemaining
                0x0000000020002cb8        0x4 ./Middlewares/Third_Party/FreeRTOS/Source/portable/MemMang/heap_4.o
 .bss.xMinimumEverFreeBytesRemaining
                0x0000000020002cbc        0x4 ./Middlewares/Third_Party/FreeRTOS/Source/portable/MemMang/heap_4.o
 .bss.xBlockAllocatedBit
                0x0000000020002cc0        0x4 ./Middlewares/Third_Party/FreeRTOS/Source/portable/MemMang/heap_4.o
 .bss.__malloc_free_list
                0x0000000020002cc4        0x4 C:/ST/STM32CubeIDE_1.12.0/STM32CubeIDE/plugins/com.st.stm32cube.ide.mcu.externaltools.gnu-tools-for-stm32.11.3.rel1.win32_1.1.100.202309141235/tools/bin/../lib/gcc/arm-none-eabi/11.3.1/../../../../arm-none-eabi/lib/thumb/v7-m/nofp\libc_nano.a(libc_a-mallocr.o)
                0x0000000020002cc4                __malloc_free_list
 .bss.__sf      0x0000000020002cc8      0x138 C:/ST/STM32CubeIDE_1.12.0/STM32CubeIDE/plugins/com.st.stm32cube.ide.mcu.externaltools.gnu-tools-for-stm32.11.3.rel1.win32_1.1.100.202309141235/tools/bin/../lib/gcc/arm-none-eabi/11.3.1/../../../../arm-none-eabi/lib/thumb/v7-m/nofp\libc_nano.a(libc_a-findfp.o)
                0x0000000020002cc8                __sf
 *(COMMON)
                0x0000000020002e00                . = ALIGN (0x4)
                0x0000000020002e00                _ebss = .
                0x0000000020002e00                __bss_end__ = _ebss

._user_heap_stack
                0x0000000020002e00      0x600 load address 0x0000000008008758
                0x0000000020002e00                . = ALIGN (0x8)
                [!provide]                        PROVIDE (end = .)
                0x0000000020002e00                PROVIDE (_end = .)
                0x0000000020003000                . = (. + _Min_Heap_Size)
 *fill*         0x0000000020002e00      0x200 
                0x0000000020003400                . = (. + _Min_Stack_Size)
 *fill*         0x0000000020003000      0x400 
                0x0000000020003400                . = ALIGN (0x8)

/DISCARD/
 libc.a(*)
 libm.a(*)
 libgcc.a(*)

.ARM.attributes
                0x0000000000000000       0x29
 *(.ARM.attributes)
 .ARM.attributes
                0x0000000000000000       0x1d C:/ST/STM32CubeIDE_1.12.0/STM32CubeIDE/plugins/com.st.stm32cube.ide.mcu.externaltools.gnu-tools-for-stm32.11.3.rel1.win32_1.1.100.202309141235/tools/bin/../lib/gcc/arm-none-eabi/11.3.1/thumb/v7-m/nofp/crti.o
 .ARM.attributes
                0x000000000000001d       0x2d C:/ST/STM32CubeIDE_1.12.0/STM32CubeIDE/plugins/com.st.stm32cube.ide.mcu.externaltools.gnu-tools-for-stm32.11.3.rel1.win32_1.1.100.202309141235/tools/bin/../lib/gcc/arm-none-eabi/11.3.1/thumb/v7-m/nofp/crtbegin.o
 .ARM.attributes
                0x000000000000004a       0x2d ./CAN_Handle/CAN_Handle.o
 .ARM.attributes
                0x0000000000000077       0x2d ./Core/Src/can.o
 .ARM.attributes
                0x00000000000000a4       0x2d ./Core/Src/dma.o
 .ARM.attributes
                0x00000000000000d1       0x2d ./Core/Src/freertos.o
 .ARM.attributes
                0x00000000000000fe       0x2d ./Core/Src/gpio.o
 .ARM.attributes
                0x000000000000012b       0x2d ./Core/Src/main.o
 .ARM.attributes
                0x0000000000000158       0x2d ./Core/Src/stm32f1xx_hal_msp.o
 .ARM.attributes
                0x0000000000000185       0x2d ./Core/Src/stm32f1xx_hal_timebase_tim.o
 .ARM.attributes
                0x00000000000001b2       0x2d ./Core/Src/stm32f1xx_it.o
 .ARM.attributes
                0x00000000000001df       0x2d ./Core/Src/system_stm32f1xx.o
 .ARM.attributes
                0x000000000000020c       0x2d ./Core/Src/tim.o
 .ARM.attributes
                0x0000000000000239       0x21 ./Core/Startup/startup_stm32f103c8tx.o
 .ARM.attributes
                0x000000000000025a       0x2d ./Core/ThreadSafe/newlib_lock_glue.o
 .ARM.attributes
                0x0000000000000287       0x2d ./Drivers/STM32F1xx_HAL_Driver/Src/stm32f1xx_hal.o
 .ARM.attributes
                0x00000000000002b4       0x2d ./Drivers/STM32F1xx_HAL_Driver/Src/stm32f1xx_hal_can.o
 .ARM.attributes
                0x00000000000002e1       0x2d ./Drivers/STM32F1xx_HAL_Driver/Src/stm32f1xx_hal_cortex.o
 .ARM.attributes
                0x000000000000030e       0x2d ./Drivers/STM32F1xx_HAL_Driver/Src/stm32f1xx_hal_dma.o
 .ARM.attributes
                0x000000000000033b       0x2d ./Drivers/STM32F1xx_HAL_Driver/Src/stm32f1xx_hal_gpio.o
 .ARM.attributes
                0x0000000000000368       0x2d ./Drivers/STM32F1xx_HAL_Driver/Src/stm32f1xx_hal_rcc.o
 .ARM.attributes
                0x0000000000000395       0x2d ./Drivers/STM32F1xx_HAL_Driver/Src/stm32f1xx_hal_tim.o
 .ARM.attributes
                0x00000000000003c2       0x2d ./Drivers/STM32F1xx_HAL_Driver/Src/stm32f1xx_hal_tim_ex.o
 .ARM.attributes
                0x00000000000003ef       0x2d ./Middlewares/Third_Party/FreeRTOS/Source/CMSIS_RTOS_V2/cmsis_os2.o
 .ARM.attributes
                0x000000000000041c       0x2d ./Middlewares/Third_Party/FreeRTOS/Source/list.o
 .ARM.attributes
                0x0000000000000449       0x2d ./Middlewares/Third_Party/FreeRTOS/Source/queue.o
 .ARM.attributes
                0x0000000000000476       0x2d ./Middlewares/Third_Party/FreeRTOS/Source/tasks.o
 .ARM.attributes
                0x00000000000004a3       0x2d ./Middlewares/Third_Party/FreeRTOS/Source/timers.o
 .ARM.attributes
                0x00000000000004d0       0x2d ./Middlewares/Third_Party/FreeRTOS/Source/portable/GCC/ARM_CM3/port.o
 .ARM.attributes
                0x00000000000004fd       0x2d ./Middlewares/Third_Party/FreeRTOS/Source/portable/MemMang/heap_4.o
 .ARM.attributes
                0x000000000000052a       0x2d ./STM32-Hardware-Driver/Encoder/Encoder.o
 .ARM.attributes
                0x0000000000000557       0x2d ./STM32-Hardware-Driver/EngineControl/EngineControl.o
 .ARM.attributes
                0x0000000000000584       0x2d ./STM32-Hardware-Driver/MotorController/SpeedController.o
 .ARM.attributes
                0x00000000000005b1       0x2d ./STM32_RTOS_PeripheralDriver/GPIO/GPIOHandler.o
 .ARM.attributes
                0x00000000000005de       0x2d C:/ST/STM32CubeIDE_1.12.0/STM32CubeIDE/plugins/com.st.stm32cube.ide.mcu.externaltools.gnu-tools-for-stm32.11.3.rel1.win32_1.1.100.202309141235/tools/bin/../lib/gcc/arm-none-eabi/11.3.1/../../../../arm-none-eabi/lib/thumb/v7-m/nofp\libc_nano.a(libc_a-mallocr.o)
 .ARM.attributes
                0x000000000000060b       0x2d C:/ST/STM32CubeIDE_1.12.0/STM32CubeIDE/plugins/com.st.stm32cube.ide.mcu.externaltools.gnu-tools-for-stm32.11.3.rel1.win32_1.1.100.202309141235/tools/bin/../lib/gcc/arm-none-eabi/11.3.1/../../../../arm-none-eabi/lib/thumb/v7-m/nofp\libc_nano.a(libc_a-mlock.o)
 .ARM.attributes
                0x0000000000000638       0x2d C:/ST/STM32CubeIDE_1.12.0/STM32CubeIDE/plugins/com.st.stm32cube.ide.mcu.externaltools.gnu-tools-for-stm32.11.3.rel1.win32_1.1.100.202309141235/tools/bin/../lib/gcc/arm-none-eabi/11.3.1/../../../../arm-none-eabi/lib/thumb/v7-m/nofp\libc_nano.a(libc_a-findfp.o)
 .ARM.attributes
                0x0000000000000665       0x2d C:/ST/STM32CubeIDE_1.12.0/STM32CubeIDE/plugins/com.st.stm32cube.ide.mcu.externaltools.gnu-tools-for-stm32.11.3.rel1.win32_1.1.100.202309141235/tools/bin/../lib/gcc/arm-none-eabi/11.3.1/../../../../arm-none-eabi/lib/thumb/v7-m/nofp\libc_nano.a(libc_a-memset.o)
 .ARM.attributes
                0x0000000000000692       0x2d C:/ST/STM32CubeIDE_1.12.0/STM32CubeIDE/plugins/com.st.stm32cube.ide.mcu.externaltools.gnu-tools-for-stm32.11.3.rel1.win32_1.1.100.202309141235/tools/bin/../lib/gcc/arm-none-eabi/11.3.1/../../../../arm-none-eabi/lib/thumb/v7-m/nofp\libc_nano.a(libc_a-reent.o)
 .ARM.attributes
                0x00000000000006bf       0x2d C:/ST/STM32CubeIDE_1.12.0/STM32CubeIDE/plugins/com.st.stm32cube.ide.mcu.externaltools.gnu-tools-for-stm32.11.3.rel1.win32_1.1.100.202309141235/tools/bin/../lib/gcc/arm-none-eabi/11.3.1/../../../../arm-none-eabi/lib/thumb/v7-m/nofp\libc_nano.a(libc_a-impure.o)
 .ARM.attributes
                0x00000000000006ec       0x2d C:/ST/STM32CubeIDE_1.12.0/STM32CubeIDE/plugins/com.st.stm32cube.ide.mcu.externaltools.gnu-tools-for-stm32.11.3.rel1.win32_1.1.100.202309141235/tools/bin/../lib/gcc/arm-none-eabi/11.3.1/../../../../arm-none-eabi/lib/thumb/v7-m/nofp\libc_nano.a(libc_a-init.o)
 .ARM.attributes
                0x0000000000000719       0x2d C:/ST/STM32CubeIDE_1.12.0/STM32CubeIDE/plugins/com.st.stm32cube.ide.mcu.externaltools.gnu-tools-for-stm32.11.3.rel1.win32_1.1.100.202309141235/tools/bin/../lib/gcc/arm-none-eabi/11.3.1/../../../../arm-none-eabi/lib/thumb/v7-m/nofp\libc_nano.a(libc_a-memcpy-stub.o)
 .ARM.attributes
                0x0000000000000746       0x2d C:/ST/STM32CubeIDE_1.12.0/STM32CubeIDE/plugins/com.st.stm32cube.ide.mcu.externaltools.gnu-tools-for-stm32.11.3.rel1.win32_1.1.100.202309141235/tools/bin/../lib/gcc/arm-none-eabi/11.3.1/../../../../arm-none-eabi/lib/thumb/v7-m/nofp\libc_nano.a(libc_a-freer.o)
 .ARM.attributes
                0x0000000000000773       0x1d C:/ST/STM32CubeIDE_1.12.0/STM32CubeIDE/plugins/com.st.stm32cube.ide.mcu.externaltools.gnu-tools-for-stm32.11.3.rel1.win32_1.1.100.202309141235/tools/bin/../lib/gcc/arm-none-eabi/11.3.1/thumb/v7-m/nofp\libgcc.a(_arm_addsubsf3.o)
 .ARM.attributes
                0x0000000000000790       0x1d C:/ST/STM32CubeIDE_1.12.0/STM32CubeIDE/plugins/com.st.stm32cube.ide.mcu.externaltools.gnu-tools-for-stm32.11.3.rel1.win32_1.1.100.202309141235/tools/bin/../lib/gcc/arm-none-eabi/11.3.1/thumb/v7-m/nofp\libgcc.a(_arm_muldivsf3.o)
 .ARM.attributes
                0x00000000000007ad       0x1d C:/ST/STM32CubeIDE_1.12.0/STM32CubeIDE/plugins/com.st.stm32cube.ide.mcu.externaltools.gnu-tools-for-stm32.11.3.rel1.win32_1.1.100.202309141235/tools/bin/../lib/gcc/arm-none-eabi/11.3.1/thumb/v7-m/nofp\libgcc.a(_arm_cmpsf2.o)
 .ARM.attributes
                0x00000000000007ca       0x1d C:/ST/STM32CubeIDE_1.12.0/STM32CubeIDE/plugins/com.st.stm32cube.ide.mcu.externaltools.gnu-tools-for-stm32.11.3.rel1.win32_1.1.100.202309141235/tools/bin/../lib/gcc/arm-none-eabi/11.3.1/thumb/v7-m/nofp\libgcc.a(_arm_fixsfsi.o)
 .ARM.attributes
                0x00000000000007e7       0x1d C:/ST/STM32CubeIDE_1.12.0/STM32CubeIDE/plugins/com.st.stm32cube.ide.mcu.externaltools.gnu-tools-for-stm32.11.3.rel1.win32_1.1.100.202309141235/tools/bin/../lib/gcc/arm-none-eabi/11.3.1/thumb/v7-m/nofp/crtn.o
OUTPUT(EngineNode.elf elf32-littlearm)
LOAD linker stubs
LOAD C:/ST/STM32CubeIDE_1.12.0/STM32CubeIDE/plugins/com.st.stm32cube.ide.mcu.externaltools.gnu-tools-for-stm32.11.3.rel1.win32_1.1.100.202309141235/tools/bin/../lib/gcc/arm-none-eabi/11.3.1/../../../../arm-none-eabi/lib/thumb/v7-m/nofp\libc.a
LOAD C:/ST/STM32CubeIDE_1.12.0/STM32CubeIDE/plugins/com.st.stm32cube.ide.mcu.externaltools.gnu-tools-for-stm32.11.3.rel1.win32_1.1.100.202309141235/tools/bin/../lib/gcc/arm-none-eabi/11.3.1/../../../../arm-none-eabi/lib/thumb/v7-m/nofp\libm.a
LOAD C:/ST/STM32CubeIDE_1.12.0/STM32CubeIDE/plugins/com.st.stm32cube.ide.mcu.externaltools.gnu-tools-for-stm32.11.3.rel1.win32_1.1.100.202309141235/tools/bin/../lib/gcc/arm-none-eabi/11.3.1/thumb/v7-m/nofp\libgcc.a

.comment        0x0000000000000000       0x43
 .comment       0x0000000000000000       0x43 C:/ST/STM32CubeIDE_1.12.0/STM32CubeIDE/plugins/com.st.stm32cube.ide.mcu.externaltools.gnu-tools-for-stm32.11.3.rel1.win32_1.1.100.202309141235/tools/bin/../lib/gcc/arm-none-eabi/11.3.1/thumb/v7-m/nofp/crtbegin.o
                                         0x44 (size before relaxing)
 .comment       0x0000000000000043       0x44 ./CAN_Handle/CAN_Handle.o
 .comment       0x0000000000000043       0x44 ./Core/Src/can.o
 .comment       0x0000000000000043       0x44 ./Core/Src/dma.o
 .comment       0x0000000000000043       0x44 ./Core/Src/freertos.o
 .comment       0x0000000000000043       0x44 ./Core/Src/gpio.o
 .comment       0x0000000000000043       0x44 ./Core/Src/main.o
 .comment       0x0000000000000043       0x44 ./Core/Src/stm32f1xx_hal_msp.o
 .comment       0x0000000000000043       0x44 ./Core/Src/stm32f1xx_hal_timebase_tim.o
 .comment       0x0000000000000043       0x44 ./Core/Src/stm32f1xx_it.o
 .comment       0x0000000000000043       0x44 ./Core/Src/system_stm32f1xx.o
 .comment       0x0000000000000043       0x44 ./Core/Src/tim.o
 .comment       0x0000000000000043       0x44 ./Core/ThreadSafe/newlib_lock_glue.o
 .comment       0x0000000000000043       0x44 ./Drivers/STM32F1xx_HAL_Driver/Src/stm32f1xx_hal.o
 .comment       0x0000000000000043       0x44 ./Drivers/STM32F1xx_HAL_Driver/Src/stm32f1xx_hal_can.o
 .comment       0x0000000000000043       0x44 ./Drivers/STM32F1xx_HAL_Driver/Src/stm32f1xx_hal_cortex.o
 .comment       0x0000000000000043       0x44 ./Drivers/STM32F1xx_HAL_Driver/Src/stm32f1xx_hal_dma.o
 .comment       0x0000000000000043       0x44 ./Drivers/STM32F1xx_HAL_Driver/Src/stm32f1xx_hal_gpio.o
 .comment       0x0000000000000043       0x44 ./Drivers/STM32F1xx_HAL_Driver/Src/stm32f1xx_hal_rcc.o
 .comment       0x0000000000000043       0x44 ./Drivers/STM32F1xx_HAL_Driver/Src/stm32f1xx_hal_tim.o
 .comment       0x0000000000000043       0x44 ./Drivers/STM32F1xx_HAL_Driver/Src/stm32f1xx_hal_tim_ex.o
 .comment       0x0000000000000043       0x44 ./Middlewares/Third_Party/FreeRTOS/Source/CMSIS_RTOS_V2/cmsis_os2.o
 .comment       0x0000000000000043       0x44 ./Middlewares/Third_Party/FreeRTOS/Source/list.o
 .comment       0x0000000000000043       0x44 ./Middlewares/Third_Party/FreeRTOS/Source/queue.o
 .comment       0x0000000000000043       0x44 ./Middlewares/Third_Party/FreeRTOS/Source/tasks.o
 .comment       0x0000000000000043       0x44 ./Middlewares/Third_Party/FreeRTOS/Source/timers.o
 .comment       0x0000000000000043       0x44 ./Middlewares/Third_Party/FreeRTOS/Source/portable/GCC/ARM_CM3/port.o
 .comment       0x0000000000000043       0x44 ./Middlewares/Third_Party/FreeRTOS/Source/portable/MemMang/heap_4.o
 .comment       0x0000000000000043       0x44 ./STM32-Hardware-Driver/Encoder/Encoder.o
 .comment       0x0000000000000043       0x44 ./STM32-Hardware-Driver/EngineControl/EngineControl.o
 .comment       0x0000000000000043       0x44 ./STM32-Hardware-Driver/MotorController/SpeedController.o
 .comment       0x0000000000000043       0x44 ./STM32_RTOS_PeripheralDriver/GPIO/GPIOHandler.o

.debug_info     0x0000000000000000    0x1b052
 .debug_info    0x0000000000000000      0xa36 ./CAN_Handle/CAN_Handle.o
 .debug_info    0x0000000000000a36      0x944 ./Core/Src/can.o
 .debug_info    0x000000000000137a      0x3b8 ./Core/Src/dma.o
 .debug_info    0x0000000000001732      0xf5b ./Core/Src/freertos.o
 .debug_info    0x000000000000268d      0x2d3 ./Core/Src/gpio.o
 .debug_info    0x0000000000002960     0x1290 ./Core/Src/main.o
 .debug_info    0x0000000000003bf0      0x361 ./Core/Src/stm32f1xx_hal_msp.o
 .debug_info    0x0000000000003f51      0x9a8 ./Core/Src/stm32f1xx_hal_timebase_tim.o
 .debug_info    0x00000000000048f9      0xb30 ./Core/Src/stm32f1xx_it.o
 .debug_info    0x0000000000005429      0x222 ./Core/Src/system_stm32f1xx.o
 .debug_info    0x000000000000564b      0xc61 ./Core/Src/tim.o
 .debug_info    0x00000000000062ac       0x23 ./Core/Startup/startup_stm32f103c8tx.o
 .debug_info    0x00000000000062cf      0x754 ./Core/ThreadSafe/newlib_lock_glue.o
 .debug_info    0x0000000000006a23      0x704 ./Drivers/STM32F1xx_HAL_Driver/Src/stm32f1xx_hal.o
 .debug_info    0x0000000000007127     0x111f ./Drivers/STM32F1xx_HAL_Driver/Src/stm32f1xx_hal_can.o
 .debug_info    0x0000000000008246      0xa87 ./Drivers/STM32F1xx_HAL_Driver/Src/stm32f1xx_hal_cortex.o
 .debug_info    0x0000000000008ccd      0x6d2 ./Drivers/STM32F1xx_HAL_Driver/Src/stm32f1xx_hal_dma.o
 .debug_info    0x000000000000939f      0x5ab ./Drivers/STM32F1xx_HAL_Driver/Src/stm32f1xx_hal_gpio.o
 .debug_info    0x000000000000994a      0x7d5 ./Drivers/STM32F1xx_HAL_Driver/Src/stm32f1xx_hal_rcc.o
 .debug_info    0x000000000000a11f     0x293b ./Drivers/STM32F1xx_HAL_Driver/Src/stm32f1xx_hal_tim.o
 .debug_info    0x000000000000ca5a     0x149b ./Drivers/STM32F1xx_HAL_Driver/Src/stm32f1xx_hal_tim_ex.o
 .debug_info    0x000000000000def5     0x4048 ./Middlewares/Third_Party/FreeRTOS/Source/CMSIS_RTOS_V2/cmsis_os2.o
 .debug_info    0x0000000000011f3d      0x2aa ./Middlewares/Third_Party/FreeRTOS/Source/list.o
 .debug_info    0x00000000000121e7     0x1abf ./Middlewares/Third_Party/FreeRTOS/Source/queue.o
 .debug_info    0x0000000000013ca6     0x27b7 ./Middlewares/Third_Party/FreeRTOS/Source/tasks.o
 .debug_info    0x000000000001645d     0x1a7c ./Middlewares/Third_Party/FreeRTOS/Source/timers.o
 .debug_info    0x0000000000017ed9      0x494 ./Middlewares/Third_Party/FreeRTOS/Source/portable/GCC/ARM_CM3/port.o
 .debug_info    0x000000000001836d      0x3c3 ./Middlewares/Third_Party/FreeRTOS/Source/portable/MemMang/heap_4.o
 .debug_info    0x0000000000018730      0xcfb ./STM32-Hardware-Driver/Encoder/Encoder.o
 .debug_info    0x000000000001942b      0xa22 ./STM32-Hardware-Driver/EngineControl/EngineControl.o
 .debug_info    0x0000000000019e4d      0xebc ./STM32-Hardware-Driver/MotorController/SpeedController.o
 .debug_info    0x000000000001ad09      0x349 ./STM32_RTOS_PeripheralDriver/GPIO/GPIOHandler.o

.debug_abbrev   0x0000000000000000     0x477d
 .debug_abbrev  0x0000000000000000      0x262 ./CAN_Handle/CAN_Handle.o
 .debug_abbrev  0x0000000000000262      0x24c ./Core/Src/can.o
 .debug_abbrev  0x00000000000004ae      0x17b ./Core/Src/dma.o
 .debug_abbrev  0x0000000000000629      0x214 ./Core/Src/freertos.o
 .debug_abbrev  0x000000000000083d      0x13f ./Core/Src/gpio.o
 .debug_abbrev  0x000000000000097c      0x2c9 ./Core/Src/main.o
 .debug_abbrev  0x0000000000000c45      0x11c ./Core/Src/stm32f1xx_hal_msp.o
 .debug_abbrev  0x0000000000000d61      0x1f3 ./Core/Src/stm32f1xx_hal_timebase_tim.o
 .debug_abbrev  0x0000000000000f54      0x1d9 ./Core/Src/stm32f1xx_it.o
 .debug_abbrev  0x000000000000112d      0x13f ./Core/Src/system_stm32f1xx.o
 .debug_abbrev  0x000000000000126c      0x245 ./Core/Src/tim.o
 .debug_abbrev  0x00000000000014b1       0x12 ./Core/Startup/startup_stm32f103c8tx.o
 .debug_abbrev  0x00000000000014c3      0x2bf ./Core/ThreadSafe/newlib_lock_glue.o